// Jest Snapshot v1, https://goo.gl/fbAQLP

exports[`Test folderUpload 1`] = `<folderUpload />`;
