// Jest Snapshot v1, https://goo.gl/fbAQLP

exports[`LocalLabbooks LocalLabbooks snapshot 1`] = `
<div
  className="Labbooks__listing"
>
  <div
    className="grid"
  >
    <div
      className="ImportModule Card Card--add Card--import column-4-span-3"
      id="dropZone"
      onDragEnd={[Function]}
      onDragOver={[Function]}
      onDrop={[Function]}
      type="file"
    >
      <div
        className="Import__labbook-main"
      >
        <div
          className="Import__labbook-header"
        >
          <div
            className="Import__labbook-icon"
          >
            <div
              className="Import__add-icon"
            />
          </div>
          <div
            className="Import__title"
          >
            <h4>
              Add Project
            </h4>
          </div>
        </div>
        <div
          className="btn--import"
          onClick={[Function]}
        >
          Create New
        </div>
        <div
          className="hidden createLabbook"
        >
          <div
            className="ToolTip__toggle createLabbook"
            onClick={[Function]}
          >
            <div
              className="ToolTip__glow-container"
            >
              <div
                className="ToolTip__glow-ring-outer"
              >
                <div
                  className="ToolTip__glow-ring-inner"
                />
              </div>
            </div>
          </div>
          <div
            className="hidden createLabbook"
          />
          <div
            className="hidden createLabbook"
          >
            Clicking on the 'Create New' button will open the new Project window, letting you name and select a Base for the new Project.
          </div>
        </div>
        <div
          className="btn--import"
          onClick={[Function]}
        >
          Import Existing
        </div>
        <div
          className="hidden importLabbook"
        >
          <div
            className="ToolTip__toggle importLabbook"
            onClick={[Function]}
          >
            <div
              className="ToolTip__glow-container"
            >
              <div
                className="ToolTip__glow-ring-outer"
              >
                <div
                  className="ToolTip__glow-ring-inner"
                />
              </div>
            </div>
          </div>
          <div
            className="hidden importLabbook"
          />
          <div
            className="hidden importLabbook"
          >
            Clicking on the Import Existing' button transition the card to Import mode. 
             You can import by using a URL of a published Project or by uploading an exported Project's .zip file. 
             You can also directly import Projects that have been shared with you in the Cloud view.
          </div>
        </div>
      </div>
      <div
        className="hidden"
      />
    </div>
    <a
      className="Card Card--text column-4-span-3 flex flex--column justify--space-between"
      href="/projects/cbutler/zab"
      onClick={[Function]}
    >
      <div
        className="LocalLabbooks__row--icons"
      >
        <div
          className="LocalLabbooks__containerStatus"
        >
          <button
            className="ContainerStatus__container-state LocalLabbooks__containerStatus--state loading box-shadow"
            onClick={[Function]}
            onMouseOut={[Function]}
            onMouseOver={[Function]}
          >
            
          </button>
        </div>
      </div>
      <div
        className="LocalLabbooks__row--text"
      >
        <div>
          <h6
            className="LocalLabbooks__panel-title"
            onClick={[Function]}
          >
            <span
              className={undefined}
            >
              <span
                className=""
                style={undefined}
              >
                zab
              </span>
            </span>
          </h6>
        </div>
        <p
          className="LocalLabbooks__paragraph LocalLabbooks__paragraph--owner "
        >
          Created by cbutler
        </p>
        <p
          className="LocalLabbooks__paragraph LocalLabbooks__paragraph--description"
        >
          <span
            className={undefined}
          />
        </p>
      </div>
      <div
        className="Tooltip LocalLabbookPanel__loading"
        data-tooltip="loading"
      />
    </a>
    <a
      className="Card Card--text column-4-span-3 flex flex--column justify--space-between"
      href="/projects/cbutler/untracked-labbook"
      onClick={[Function]}
    >
      <div
        className="LocalLabbooks__row--icons"
      >
        <div
          className="LocalLabbooks__containerStatus"
        >
          <button
            className="ContainerStatus__container-state LocalLabbooks__containerStatus--state loading box-shadow"
            onClick={[Function]}
            onMouseOut={[Function]}
            onMouseOver={[Function]}
          >
            
          </button>
        </div>
      </div>
      <div
        className="LocalLabbooks__row--text"
      >
        <div>
          <h6
            className="LocalLabbooks__panel-title"
            onClick={[Function]}
          >
            <span
              className={undefined}
            >
              <span
                className=""
                style={undefined}
              >
                untracked-labbook
              </span>
            </span>
          </h6>
        </div>
        <p
          className="LocalLabbooks__paragraph LocalLabbooks__paragraph--owner "
        >
          Created by cbutler
        </p>
        <p
          className="LocalLabbooks__paragraph LocalLabbooks__paragraph--description"
        >
          <span
            className={undefined}
          />
        </p>
      </div>
      <div
        className="Tooltip LocalLabbookPanel__loading"
        data-tooltip="loading"
      />
    </a>
    <a
      className="Card Card--text column-4-span-3 flex flex--column justify--space-between"
      href="/projects/cbutler/untracked-2"
      onClick={[Function]}
    >
      <div
        className="LocalLabbooks__row--icons"
      >
        <div
          className="LocalLabbooks__containerStatus"
        >
          <button
            className="ContainerStatus__container-state LocalLabbooks__containerStatus--state loading box-shadow"
            onClick={[Function]}
            onMouseOut={[Function]}
            onMouseOver={[Function]}
          >
            
          </button>
        </div>
      </div>
      <div
        className="LocalLabbooks__row--text"
      >
        <div>
          <h6
            className="LocalLabbooks__panel-title"
            onClick={[Function]}
          >
            <span
              className={undefined}
            >
              <span
                className=""
                style={undefined}
              >
                untracked-2
              </span>
            </span>
          </h6>
        </div>
        <p
          className="LocalLabbooks__paragraph LocalLabbooks__paragraph--owner "
        >
          Created by cbutler
        </p>
        <p
          className="LocalLabbooks__paragraph LocalLabbooks__paragraph--description"
        >
          <span
            className={undefined}
          />
        </p>
      </div>
      <div
        className="Tooltip LocalLabbookPanel__loading"
        data-tooltip="loading"
      />
    </a>
    <a
      className="Card Card--text column-4-span-3 flex flex--column justify--space-between"
      href="/projects/cbutler/untracked"
      onClick={[Function]}
    >
      <div
        className="LocalLabbooks__row--icons"
      >
        <div
          className="LocalLabbooks__containerStatus"
        >
          <button
            className="ContainerStatus__container-state LocalLabbooks__containerStatus--state loading box-shadow"
            onClick={[Function]}
            onMouseOut={[Function]}
            onMouseOver={[Function]}
          >
            
          </button>
        </div>
      </div>
      <div
        className="LocalLabbooks__row--text"
      >
        <div>
          <h6
            className="LocalLabbooks__panel-title"
            onClick={[Function]}
          >
            <span
              className={undefined}
            >
              <span
                className=""
                style={undefined}
              >
                untracked
              </span>
            </span>
          </h6>
        </div>
        <p
          className="LocalLabbooks__paragraph LocalLabbooks__paragraph--owner "
        >
          Created by cbutler
        </p>
        <p
          className="LocalLabbooks__paragraph LocalLabbooks__paragraph--description"
        >
          <span
            className={undefined}
          />
        </p>
      </div>
      <div
        className="Tooltip LocalLabbookPanel__loading"
        data-tooltip="loading"
      />
    </a>
    <a
      className="Card Card--text column-4-span-3 flex flex--column justify--space-between"
      href="/projects/dmk/trump-tweets"
      onClick={[Function]}
    >
      <div
        className="LocalLabbooks__row--icons"
      >
        <div
          className="LocalLabbooks__containerStatus"
        >
          <button
            className="ContainerStatus__container-state LocalLabbooks__containerStatus--state loading box-shadow"
            onClick={[Function]}
            onMouseOut={[Function]}
            onMouseOver={[Function]}
          >
            
          </button>
        </div>
      </div>
      <div
        className="LocalLabbooks__row--text"
      >
        <div>
          <h6
            className="LocalLabbooks__panel-title"
            onClick={[Function]}
          >
            <span
              className={undefined}
            >
              <span
                className=""
                style={undefined}
              >
                trump-tweets
              </span>
            </span>
          </h6>
        </div>
        <p
          className="LocalLabbooks__paragraph LocalLabbooks__paragraph--owner "
        >
          Created by dmk
        </p>
        <p
          className="LocalLabbooks__paragraph LocalLabbooks__paragraph--description"
        >
          <span
            className={undefined}
          >
            <span
              className=""
              style={undefined}
            >
              A LabBook to analyze Trumps stupid tweets
            </span>
          </span>
        </p>
      </div>
      <div
        className="Tooltip LocalLabbookPanel__loading"
        data-tooltip="loading"
      />
    </a>
    <div
      className="LabbookPaginationLoader--hidden"
    >
      <div />
    </div>
    <div
      className="LabbookPaginationLoader--hidden"
    >
      <div />
    </div>
    <div
      className="LabbookPaginationLoader--hidden"
    >
      <div />
    </div>
    <div
      className="LabbookPaginationLoader--hidden"
    >
      <div />
    </div>
    <div
      className="LabbookPaginationLoader--hidden"
    >
      <div />
    </div>
  </div>
</div>
`;
