// Jest Snapshot v1, https://goo.gl/fbAQLP

exports[`Test Header rendering 1`] = `
<div
  className="Header flex flex--row justify--space-between"
>
  <div
    className="flex justify--space-around flex-1-0-auto"
  >
    <ul
      className="Header__nav flex flex--row justify--space-between"
    >
      <li>
        <a
          className="Header__nav-item Header__nav-item--datasets flex flex--row justify--space-between"
          href="/datasets"
          onClick={[Function]}
        >
          <div
            className="Header__datasets-icon"
          />
          Datasets
        </a>
      </li>
      <li>
        <a
          className="Header__nav-item Header__nav-item--labbooks flex flex--row justify--space-between"
          href="/labbooks"
          onClick={[Function]}
        >
          <div
            className="Header__labbook-icon"
          />
          LabBooks
        </a>
      </li>
    </ul>
    <div
      className="User"
      id="user"
    >
      <div
        className="User__image"
      >
         
      </div>
      <h6
        className="User__name"
        id="username"
        onClick={[Function]}
      >
        cbutler
      </h6>
      <div
        className="hidden"
      />
      <div
        className="hidden"
      >
        <button
          className="User__button btn-margin"
          id="logout"
          onClick={[Function]}
        >
          Logout
        </button>
      </div>
    </div>
  </div>
</div>
`;
