// Jest Snapshot v1, https://goo.gl/fbAQLP

exports[`Test Loader rendering 1`] = `
<div
  className="Loader"
/>
`;
