// Jest Snapshot v1, https://goo.gl/fbAQLP

exports[`Test BaseImage rendering 1`] = `
<div
  className="Environment__base-image"
>
  <div
    className="Environment__modal hidden"
    id="modal"
  >
    <div
      className="Environment__modal-close"
      id="baseImageEditClose"
      onClick={[Function]}
    >
      X
    </div>
    <div
      className="SelectBaseImage"
    >
      <p>
         Base Image 
      </p>
      <div
        className="Loader"
      >
        <svg
          id="circle-middle"
          viewBox="0 0 100 100"
          xmlns="http://www.w3.org/2000/svg"
        >
          <circle
            cx="50"
            cy="50"
            fill="#EDEDED"
            r="6"
          />
        </svg>
        <svg
          viewBox="0 0 100 100"
          xmlns="http://www.w3.org/2000/svg"
        >
          <circle
            cx="50"
            cy="50"
            fill="#26A6D1"
            r="4.5"
          />
        </svg>
        <svg
          viewBox="0 0 100 100"
          xmlns="http://www.w3.org/2000/svg"
        >
          <circle
            cx="50"
            cy="50"
            fill="#26A6D1"
            r="4.5"
          />
        </svg>
        <svg
          viewBox="0 0 100 100"
          xmlns="http://www.w3.org/2000/svg"
        >
          <circle
            cx="50"
            cy="50"
            fill="#26A6D1"
            r="4.5"
          />
        </svg>
        <svg
          viewBox="0 0 100 100"
          xmlns="http://www.w3.org/2000/svg"
        >
          <circle
            cx="50"
            cy="50"
            fill="#26A6D1"
            r="4.5"
          />
        </svg>
        <svg
          viewBox="0 0 100 100"
          xmlns="http://www.w3.org/2000/svg"
        >
          <circle
            cx="50"
            cy="50"
            fill="#26A6D1"
            r="4.5"
          />
        </svg>
        <svg
          viewBox="0 0 100 100"
          xmlns="http://www.w3.org/2000/svg"
        >
          <circle
            cx="50"
            cy="50"
            fill="#26A6D1"
            r="4.5"
          />
        </svg>
        <svg
          viewBox="0 0 100 100"
          xmlns="http://www.w3.org/2000/svg"
        >
          <circle
            cx="50"
            cy="50"
            fill="#26A6D1"
            r="4.5"
          />
        </svg>
        <svg
          viewBox="0 0 100 100"
          xmlns="http://www.w3.org/2000/svg"
        >
          <circle
            cx="50"
            cy="50"
            fill="#26A6D1"
            r="4.5"
          />
        </svg>
        <svg
          viewBox="0 0 100 100"
          xmlns="http://www.w3.org/2000/svg"
        >
          <circle
            cx="50"
            cy="50"
            fill="#26A6D1"
            r="4.5"
          />
        </svg>
        <svg
          viewBox="0 0 100 100"
          xmlns="http://www.w3.org/2000/svg"
        >
          <circle
            cx="50"
            cy="50"
            fill="#26A6D1"
            r="4.5"
          />
        </svg>
        <svg
          viewBox="0 0 100 100"
          xmlns="http://www.w3.org/2000/svg"
        >
          <circle
            cx="50"
            cy="50"
            fill="#26A6D1"
            r="4.5"
          />
        </svg>
        <svg
          viewBox="0 0 100 100"
          xmlns="http://www.w3.org/2000/svg"
        >
          <circle
            cx="50"
            cy="50"
            fill="#26A6D1"
            r="4.5"
          />
        </svg>
        <svg
          viewBox="0 0 100 100"
          xmlns="http://www.w3.org/2000/svg"
        >
          <circle
            cx="50"
            cy="50"
            fill="#26A6D1"
            r="4.5"
          />
        </svg>
      </div>
    </div>
  </div>
  <div
    className="Environment__header-container"
  >
    <h4
      className="Environment__header"
    >
      Base Image
    </h4>
  </div>
  <div
    className="Environment__info flex justify--left"
  >
    <div
      className="Environment__card flex justify--space-around"
    >
      <div
        className="Environment__image-container flex-1-0-auto flex flex--column justify-center"
      >
        <img
          alt="Ubuntu 16.04 Python 3 Developer Dup"
          height="50"
          src="data:image/png;base64,iVBORw0KGgoAAAANSUhEUgAAAJYAAACWCAYAAAA8AXHiAAABS2lUWHRYTUw6Y29tLmFkb2JlLnhtcAAAAAAAPD94cGFja2V0IGJlZ2luPSLvu78iIGlkPSJXNU0wTXBDZWhpSHpyZVN6TlRjemtjOWQiPz4KPHg6eG1wbWV0YSB4bWxuczp4PSJhZG9iZTpuczptZXRhLyIgeDp4bXB0az0iQWRvYmUgWE1QIENvcmUgNS42LWMxMzggNzkuMTU5ODI0LCAyMDE2LzA5LzE0LTAxOjA5OjAxICAgICAgICAiPgogPHJkZjpSREYgeG1sbnM6cmRmPSJodHRwOi8vd3d3LnczLm9yZy8xOTk5LzAyLzIyLXJkZi1zeW50YXgtbnMjIj4KICA8cmRmOkRlc2NyaXB0aW9uIHJkZjphYm91dD0iIi8+CiA8L3JkZjpSREY+CjwveDp4bXBtZXRhPgo8P3hwYWNrZXQgZW5kPSJyIj8+IEmuOgAAIABJREFUeJzsvWmMZVmSJvTZOecub/d99/DwWDMics+MrMzK6qquYYaeBYEEEiMhhAQIRqL5hxAIIab5MxKD+DNM/0FouhnEDyQEEj9GQoJWd011dVVW7lvs4REevi/P3/O33eWcY/w49y3u4bF5eGRGVbVJnu7p4e/ec++1a2bns8/MgL+Wv5a/lr+W3xSh7g/Jyq2n+GsCGIDV4CQGpwlYp+A0BRsNEgJQHkgQOIlgm3WYvW2k22uwzRpEeRTe1ALAFun6PbBOIMdnIJQPs7cF1hoiX4KNOtAb92DbTVCYk0RQHHXyIl/MqamFoqyMllmno2Z/b9g0asPcaVQ4iSowpsgmLbLWBY47OU4TH2miYK0AGBDSQilDXpBQkGuT8tokVRNSNskP9ynM10WhsifLw1Xygqqp7+7r9aWmbe+3Kch1ACQcdQzlylCT84AQsK06ZLEC//QlkPKgN5YBayAn50GeD729ClPdAkAQ+RJEqQJRGoYI8wCzu4dWg5QHkgokPVC+BFkeBYUF94SsfeKj+Uf/058eUwVejKjvewEHhAASwimokIAQAQmZJ0EFJhrmNKnYxt4IjB6yaTxmm/Uh09wfQtQusY5LMLbARhfY6BzSOMda+2xSCWanWCQsaWmQpimnSYek1yElWxCiRZ7fQNxucJLUkCY1CoJd227ucZrsAVQjoWoAN1nIFoSISQiwEAOv5l/LoLxcigWA2YKZfbAdAXgCbKfY0jSn8bzZr06b3fVptnaU43bFRp2Qk47PWvswxgPYY2sVmBXYKAACzITe4yd2X7AgoSFIk/uegmRKSqbkhzEF+YjCfJ2I9gBaF2FunZlXwLwO5lUwbzNzFczx93irXmr5fhWLhHMBQQjyg5DbaZnbzWHbakxwa/+Ube3PcWt/FsxTtlmbNc36BHea4zaNSkgSwVYDxjj3nAkzO8tHBJBw7rtnVpjADDBLZuuBu38HdwwCICRIKsDzrfDCJoX5bVkob1ESrYPEBqx5ICxWbLO2TMrfBvMu+UGDglzHWVoBWIMDi/odlO/ZYjGYLcCoAHzathtnuVk/a/b3Fk1184xt7U9wGg2z1jlOogKnSY51KsEGYHZK01UeAgDqeyZC9m/d/+mekgFmEPOBdTg9YIAtOE0AnQgTdcrUaRRsszZJ1eAsSdUmP6hxvrXFJlmiML9EucIdDE/cBXgJ1u6hd9zfbR/53SpWZqEgBMgPfG5Gw7a2O8G0t6CrG1fM1spFU91aNM3aHLdb0xx3Cpy0wVpnnydnEaQCkQREplig53+OA4oFy2A2gLXgNJacREWAiiQVKAhhO602tffPUZBbEZWRJeEHtyhf+kb44RKM3qQg3BNBLoYQ2fp+9+Q7tlgMtgwSCMA4Z5r1S3Z75TVuty6a2tY5U9udtM1amdO4QNZKBjkLI+UB60Q9K5W5uZMwDgSAs3MIBoHAZAEwYJ2VY2ZwEoOSOM+t/QWSaowa1bPc3n/T7FffVJWxG6JQ/lqNzXwLoltsbed31SV+N4olpLNU1uTsfnUcVi+andW39fr9N/Te5mVu1hdsuzFuk4igUzhoQDnLJIPMMh3Snp7L4ZN/dpkSk5AHz2et21wYDbap5CQqU9Ipp+3GrKlXZ0159Iwcm15go+ehvDEKwrtg3ibPb8H+binYd6JYJCQsMMSN+jmzt/22bdbe1hv3X9c7a6dMsz7MaZInazO4QaLrQtzPRyjV9yLODZMFWCoQWRePMYBOGyaJx2y9WhC17SlT371gazuviNGpT0Su8AkDN0mIvd+lsOvFKBYRuvEIBbmAhJiyrcYVU918x9Z2rprm3hW7vztnO22fdZrFTRIkZWYlBp8AD1in71AOn7PrdqUEQfXXZS1gNNgYcNrMcRLluN2YtI3apBydmpYjk5OyPDohK6NfU5DbID/skFQZ2Pzba8VemMVid9NCWHvedhpX9eby76crd96wjb1ZNukwrBEAQEpl1mkg0O2hAy9qdc8j/R0okMEV3RjQOmWxnZbkzQenzN5WSZRH572ZhXMkL/+FKFY+AtFNZtv+bTdeJ6tYQoI8H7CGbLsxqnc3zuuN5Q/SB7c+1GtLV3V1fR5J7NI+Sjm86Cj/8FK8yQObAmbAGLA1btfogDKQlFmwr0AS7kXgzILphDhqjthOcwQmHYHwisxmSCXTJTkyeR1Bfpc837rj6u/vMl+QnLhiAYBtN6bT1TvvxHe+/r10+faHenvlnKnvjMNop0xS9V1eN356KZRpQA5AX5y5O52Bn3DXygBUd5c68MFu0M8MNhq6ujHDOv2h2dua8GYWpvzTl/+lCPIfU7G8AiH4txHzOhnFksq5MsC3jdpsunrnnfjGZz+Nb37+w3TzwSWOOwEIIC/ov+VAD6x8qYT6fpi1dkl2rTNLlbk+AKxTIE2cEikP8DyQyGInpUCs3O+NBqcx9O7GmNnfK9lWrcDWFoUfBmr69Cfkhw9I+RHJ3y7lOhHFIiHAxirbqC2mq7d/FN/49KfRjU+u6vX78zbuBC5z7x1UqpdRBqwns80USzsjFBZAuQJEkHNxVNwBt5vgNAab1BkdTzjrNXA8khKwnoMoOq1Abz04D+Y8gSpBEo+oqYWfUbF8E0ImT8Ni+E2R51IsyoJW1jqwzdrpZPn2h/H1j/8gvv3Fe3rz/jwnkSDlu92hkAdjlpdVmDMrlQIAZLECOTIBNT4DOTwBkStlAXoDproJvb0GU9uG7bTAcQR4jvrSi9FIuLhTeWAQOE1Cvb16BkDAaRL4WsObO0NyaOw2Kb+TWf7feHk+iyUkYK2yzdpiev/6T+Nvf/03o5ufv6e3V6dZx0J4QcbP6iaDX0LXB6Cn8ZbB1rhcIRFkZRT+mcsIzr0Bf+ES5OhUxqMCbNSC3llDsvQt4ttfILl3HXa/mn022+Uy9TIEBAI8HzAETmJKNx/M2iRRrLVitkHgeSTLIzcg5G8FY+JYiuWy/wxOE2Ub9cV0+dYH8bVP/mZ88/P39OaDWTYpke+Dgtyh4PxFK9Ux0juDim5cTEVEEEPjCM6+itzbv4/wlXfhzZ6FKA87a0QApwnMfhXe1ALE0BhAAsnSt7CNqou9lAKkN3B8yjYu2QYniUnvrE8BeJeFgAjCiITSsjJ6m5SfkJQPLfU3SZ5dsQiAEI5I2qjNpfeu/170za/+ILrx6VW99WAGOiHhB4DyDyHm34Wl6nJfjiMWrBPAWojKKIJzryP/7k+Re+v34c2egciXD1wPeQFErgBRqICKFRAIRIT41hfgZh3M3A/mu2sjAphA0oPwGDaJYHbXJxNB7wjP0yBwoFQi86XbEL8tivU4F5WxCnqIsdZkW/XxZOXWW9G1j34a3/zsqt5amWGdCvJDUBgC3QTyi5LeA+u62IyVgAwN71rIRyHo3WvqWjm2gDUg5UGNzyK89C5yr30I/9QroDD3iDUIyNIQgtOXgLgDbu3DVLeg202HTXXPfRhSkRIkQwgAVqdOue6odwDEwgtqlCt3ZHl0nTzfAtkOlO1LGkYcLX3FOupFHzQAzC71wgzbqo+m929ejb751b8SXf/4vWR9aZ7TWIogdMnm7sP7Tm5ExjywTjHYOrqL22E9RrH69OeeEjIRZKEMNXMa/rnX4J26+GilGhCRK8I/fQl6ew3J3W9gdlbBrX2wMYAUjuLTYxOir2ieD0EETiLSm8vTsOZdobx9CouxLI/+Qob5zd76fnN0CsCAYjkU/LD0MRuOIxeYWptPNx+ci298+uPo2scfJBv35zmNFfkBKAgdnPBC4qmuZclYBhl7lI1xCsUW5OxVtuUnQFD/5+yzPYtmDRiJ0z1jHD7l+xDFCtT4LNTEPESh/NSrk6UReJOnIMdnQPky0Gk6MDVjpR6QTNlJei7mcnQcqbdWZmIveF+URlpqbGaHgrAJJVtIU5AXZDy0XrrspZa+NqngoX8kKR3DU6cwzTo47uRsp3k2vfvN+9GNTz9MV29f5KidIz90W+ruQ3xRSoXsploDTh1AyV0kXEmQCkB+COEHgBdAKD+DRCRAXYU0sGkC6Bg2iYE4Buu244lBQIQFiGIFIl96NlaFlO5zxQoozIPdjhnEXbo9Hr4tXdar8jLl6oTp5vJZeefLthydWmc2LZErXic/aMvyKIRyKTD6TVKsoywWZW8TpASMhtndHE/Xlt6Lb33+k3TtzgXbaRUcZz2HPv5yghc9GEexzUrNEsBoFx+FeYggB8oVIYpFyFwZVChD5oqgXB7kZa65i6FZ446RROCoBRt1YFv7MDvr0Hs7jjWKbormGHiSlNluUPbhlcdJV0GU53A+tuC4k0vXl86J6x//GFbvezNn99T4zD2QO5irwPsNUqwjY6zug3WmvKJr25fjO1/+OLnz1XtmvzpKUoGUnykV9dIeJybc/4HZWRsQQGEesjwCOToFNT4HOToFOTIBWRxyViMsOLxJ+Y49IbIHbYxDydMYNm6D0xS2UUdy/wbim5+6Wsc0gW01wHH72ZebxL2QgWyWrO6Z2qM+0I25XBEGeb7Ld9d3h5PbX74LQp1ypRU1Nr1PQu4+84K+R3n8rjDbNTHIs53WGb29ejVduf2W3l2fgTGgID/AsjyJt6j7EGzmtmz/uMqDKA1BVUYhhyfhTZ2CmlyAmlqAHJmEHBpzBaFh3uUkle8C514aiXquMGMfZAh6E2p6AeR5sHEEW9tBurkCU90ErHZM1qcQTmOHwNd2wN34Siq3OXjyp7Nr9EEkwFGb9O76BOULb6rpM3fs3LktAE2SXgw4psXLLo+/a1kgbpv7E+na3avpgxsf6J21U5x0Mtqwyv7mZC1VL44yaQYdAMLz4Y3PIrj8nkPCZxYhhsYhK6NOwf2gV0382Es69P+yMgbyQ3C7Cb25ik51G+nqEpKla/BPXYCaPPVEt8g6RbpxH8nyDeitB+D2PsD2UG70MS/egOUi6YGFBOsEendzPl2+/kE6MbelxqY3RK50/+kU9fuX/lMYTIB2M/hpShy38unG/XPJ0rfvpqt3LnPUKkB6IM87uYRy93zGADp1lor6DE3WKdjkIPJlBIuXkXv9Q3jTp0F++PznFgKyMgZ/8Qr8ezcQ3/kKevMBOl/+JeTYJHLKgxqbfewhTHUT8Y3PEN/4BHrzATiJM/d2jKQ7kXOJBNioXUhX776SjF1bVdOnr4ni8C6FuRazq8J9mXeHPcXiAfPaDdpttB/qreXT8Z0v3kqWvnlN76zPQKeKvND9zXMXMhzc7bFJAZ24uK1YBvmB25HWdsFJCm63wEniaM8noVTdVXg+vOkF+Odfg3frc5i9v0R87RNQrghSIcIrAmp0wu0uB4R1AlPdRHTjM7Q/+wtE1z6B3tt0ILvKXrxnoSB3i22lBOCD4w7p3Y3J5P71K2p68W1ZHNqRYzM3IVXbMVZfXpc44DcG0hXCA9jCdqrFdPXOpWTp2zfTzeV5jloeUVZxI04AAO1ZqjRrMhI75HtsGt7pS5DD47CtfcS3voZevY90fQXJ3W/gL1xwMVVx6PnOP7iUMA//1EXk3vgAtr6LZOlbdD7/S8AYmOomvPlzkJVxl/+Ei81MbRt6bQnxzc8QX/u1c4Np6u7PE1zy0ZK9qEKAiMCpAMcdpbdWZ5P7199Uo5MrVCivy/JoGwDYpid2/SctA8H7QVfIDNhWfTJdW3otXb3zqt3fG2dmkBR4JnznKBn4PLN1SpXEICmhxucQvPoB8m/9BGrqFHR1E6TyaO3tQ29tIfrm1/Cm56HGZ+EXyifK71JTp5B/6yeuew6A9N4NtD/+M6Srd+HNnYU3eRqiWAGzhW1UobceQK/dhd56ALO/l3WNUQMvHo758mV8eiFhjYFt7I2mK7euJJOz99XU6W9lZXQLJF5eP4gBxbLtRv+31gg2umj2Nhf15vIruro5z2niC+llu6TnSfYCXbSQjcOlOImcO5qcR/jaD5G7+reQu/I+1Ng0dG0btl5Dcu8Wou11JHevI/rqY3hzFyHHZiDLI8+5lr6IIAf/1EWwdXWNnXwJ6b1vka7dg9nbQXr/DkQuDyYBJC2Y2jbM3iZsywXr8AOXeO7tlJ9zUyMVBDM4jT29sz6r15YumsX1M3JkYpnCQq1/gpdPx3pBw3/17/3b4LgFjlrgqJOzte2zydK3H0TXfv2hXrt7BjoRjlqsTsBioZvGcO7P8+HNnkX+zR8j/8O/h/CND6Em5kB+4BBwncDub0NvrcHsVcEGkOVhqNEJiNKQgxZOSMjzIUoVyOFxqOFxB2H4PmAznKrTdNQaKSBzxYF/t1nMI5xV713o8e9VrxNFmoB1EpLnp7I0vCuKlV3hB3UIkRARmBk//+Lb5730E5W+xeo0+piLaRRMdfNsunr3gqluTnIcSbcVflpc5hHSbdxmbC+uIiGgJuaRe+NHyP/gX0Vw5X2osZn+R4SEN7OA8PJbSB/cganXkW6uIPr2I3jzp6HGZyHCIgCAkw5spw2O272mcBgsgKCsMZz0QJ4Px8TIQ+TyGFQAERYQLF6GGh6Dml5AunwL6foy7N42OO44hS9VHJWGDdL1JcQ3PkW6egccd8CwLg+ostt7XIMiBAgKLAQ4jYWpbo6nq3cvyPG5W6I4tCLLI02Il5Mr/1CESQyY9v6o3lw+p9eXztr9vSFHJ/GzCuXnD9pdaiYGSQU1PoPw1fedUr32IdTwxEN/L4cn4J97E+HqMtINxyBI7n6J+NoZ+PMXIHJFsE6ht1egt9agqxuwzRo4aoPT2CkX4Mq0/AAU5CGKFcjKKNToNNTELOTIlIuNBs87NIEgyMObPAXT2AM393sbDJEruI57zIjvfeu6+yUR9Po9d05kabLnihgGWBiphmnUhvTG8qLeWjnrzSx+hcroJkhYel6X+wKkDzcg81AmDUyjNqm3Vxb17sasjTtht4/Cc8cynDXYSGPXTnFkEsHFd5B/56cIX3kXamTyyI+RF8KbOo3w8lWkG8uw7V3Yxi7iW19ATczDturgJEa6voR0Yxl6dx3c2IONO0CaOgQdAEgBngcR5EGZYnnjs1DTC/BmzkBNzEGURyCLQz3LLHJFiFwRamLO3SVrMhihb7kpVwDHbdhOE9xuQO+sOeXq5gCfR4jcvTcGSGLf7G3N6t2107ZZm+Rk8i6EbEO/fLvDvmKlCZiIuNMcNtXNuXRr5bSp7UyxTj3q1QHieGY9s3IuneKakolCBf7iJeTe+Slyr30IOf54EFKWR+AvXkJ4+R2YnRVE1z9GunIbrb/6F0jufgVOIui9bdj9KkyrAaQR2BqQ5f6OlwQ4K/+H50P4IeJiBbIyBm9qAd7CKwjOvgpv4RV4k6d6NOKBCzkyxSPHZxC+9kPYuANbr8JGbdj2vgN71QCT9Fktffa2k5CAVGCdKFPfmdTbq4tmd+OUHBq/QcqPWKcvnckaAEg1wOyZdnPM7FdnTL06YTutAsCuPu65UwnkbnSauPTMzGmEl95DeOmqy9U96c0WEnJ4AmrqFNTUPMSDmzA76w4pX7/nYrY4zujFWQ3oYKsjAIB2QCwAtBmWGdhdh1A+0pXb8B7cgl6/B397FcH5N+HNnIasjOJJlpqEhJo6hfDSVeitVZjGnuO/Jx0IDoDAe+znHysZrgXluU1MpxXa2s6E3tuclfWZCZkv7bC10fFP8GJk4PVjycbkOelM23Zjzrb3hzmN3GN5WhrIY4V7hZ9ieALBK+8gfPUD+LNnnnpXZ+MOOGoDOnVYm2Wg04IxuvfoXS8F0Y8HD7aK7HOZspZEAIOTCKa6AbtfRbq1gmT5JtLVu8i9/kMEr7wDNTr9xLWRUPCmF5F71QGstl5FurHkukkfG54ZzCFSFsQnsPt7FbO7OWcmdmeE9O5DSg3gparTH2Q3eDC6aKP2jG03p2wcFWC1qzQRAsdL31CfB2UyTnmQgzd9GsGld+GfufJ0LE1roPe2Ed/4BNG1j5GuLoHj2KV12LodHlGfHtNTpscvmNx193haNmrBZIi62d8Ft/fBRveU60kJbpEvwl+8BL27gfTBLej6toNvdOp47t2y/Ge9kV3rm3kNG3fyurYz5dV2ZkyuWBR+0MbLqlhEMmRrhrhZnzON6izHnQIz90rKj8UMzXqDstEuiM4KFfwzryE4+zrU+OxTpT707gair/8K7Y//DNFXf+VSJ4nDv/rnoYNKRd01P0L6VVlZmTxAWbGqbTeR3L/mAvKoDRu3kH/tR1BTC49fqJBQo9MIzryK5NzrSHfXHQSRxiD2AV/1MLzjCJGAdRz5vKntzOrqxpwoDQ8jX2wC6BzroC9Iek9VlIbybNIh227O2Hp1EknkO0rvCaRMdArWiRsgMH8R/rnXobIG+48VZpj6LpJbX6D90f+Lzmd/gXT1rkud+KFLnxzZ8+gZrSsJkHJxjGB2MEUSIV250+t/Kv0C4IdQQ+OPjzeVBzU5h+Dc60jX78HsbcHsuQECz504z/qvcpr6trE7aRt7M2AzDKV2AbxURMCeYsnycJHb+yPcaszYxt44p4lyu0F1fBeY9e9k4/ofyOFxBOdeg3/2VYjy6BOPYps1xDc/Q/vj/w+dL36OdOUuWCegXA7k+31remIZDcqKKgJHHui0ka7fB4lfQIQFt5O8/AOIocevXZRH4J+5gmD9HtIHN2Hquw5Ly6p2nrnDTrf4giRIMlin0jT2xm1rfwZSjYpccev41/xipL8rjNsV22kN2VZ9hDvtIhh0PKR9IFDtVtMwg4I81PgsvFMX4E2deqK14jRBurGMzld/6ZRqLQuEwxxErtAjIZ5MiRn3Yx/KihuUcl4ritw6vvwFRKEMNTwJP194rPUh5UFNzMObPw81Pod0456j/OjUdQM8bpWzECBIBzBHndB2msOs4xG2pnK8A7446SlWunZ3WG+tjtrGXoV1It3okactCsj+03s47gGxcS4QUkIOj8ObWXQl6eXRgdjtiMMZDbOzgeTWF4i+/iXi+9fBUdsVbfhB3z2/CKIbd8EjciVXDHCnjeTBTYjyENT0aYhSBd7UKVft/QgR5WGoyXmo2UXIlZvQ8bIDTYlx7PJ5EhnLmsA6gW3vl8ze9gh54ZPN/3csPcXSW6vDendjyHaaIaxFl+D/UMJ50IxnxQmutq+L0XGP4MaJK8+SpSF4U4vwTl1wjTXU43EdjjpIV24huvEJkge3YNv7IE+BcgXQSfDAniRd15NV+LgdYxPp6h3ENz5xKaChUYjiY6yukBCVUaipBaixGZjdTdhOE2SeJ9eKPnnQMjjqBGZ/b4j83PDxD/pipHeVtt0csZ32MCdRwNaABy+iK4f7R1nTVyqC4yB1rRxbcGKABCCVhxqdgTcx/1TkPFvbRnz7C8S3voTZ23F9EQ5UA52UC3yU9I9PwrlGIgFb30V85yvEt7+E3tt+7BEIcC/U5CmXKsoVQN1Ko+OuPdv1csYeZZ0EHLWHuNMaOd4BX5z0Y6wkqnAaldgYrz9O5IhP9PpHOYS7S20R+ZIrRycBZFt2zZuwjaazXEkCtnZgF3e0cBJDb68iXr6OdOO+C9aD/ECC+DvkHnWVq4uT6RR68wHSrGjCm5h3sdYj3Lrwcy5bMDIFkSvCEPX7SpwEKcEYxWlS5iSqACdHHToJ6dNmWs0Kd9plGO09EgJiCzY2a1LBEPkS1OQC/NlFyIk5yNIQICU4akPvbiK5ex3p8h1XcbL1wNFeTl+GLI+63dFDhzcwtW2ka3eh1+/D7O8CxjhoYaDHwncmPaslAOnBpglso4p0/T7SlbvwZ85Ajs89xIroCvkBZHkUcngCVCg7qCBrktvv5/DsQuSwfDbG57hTsp3mEPD07QC+CxlIQkdF6CQPtupgGqQvvX6cBMjKOPz5CwheeRfB6Vcgx2ddebmUsFEbZm8L3swZxDc+R3LnG+iddUTf/ApqbNpRVsamH3ognMbQO+tIN5Zhajuuz1S33fULKd1/Shlouc06ha3vQG/ch95ZhxiaeKRiQXoQxTJEeQSiOATyArBpZwwJerinw7OKtR4nUdFG7dIf/dEfPd+xTlj6iqVTN0SSrcfgh9XKWtcvAa4WL7j4NvJv/RjhlQ8c2Jkr9FwGGwOOO/BPX4J/6jzapSF0Pvs5krvfopNVK+fe+BDyEE2GozbM7jr01gpsYw8wGiRk1mroe1QsULbTBWANbGsfemcNZmcdPHceyBX61zAYPxGBwjyoNARRGgKCHBB1YI1x13XMjtGcxVnWGs9EnQJUq4THm7/v/MYN0mby0GkIZvVQzNDN9TFD5Ivw5s8i/+bvIff2T93I2kOYDgFAvgQ5PAFZHgEnCczeFqIbnyK+9TnkxDS8mUXIQyg2xxFMbQemvgObRAfyYy+FCJFtSiLY/Sp0owZrDcQRitFVMAoLEPkKKF8G+Xkw7WXTLGyfGP6sbBoS7staZeMox7J1kAL78FEf928vRPqKFbXyNolysFbRYN6N2e38jAYpH2psBsG5NxFeeR/+witPTFPIkSkEF9+C3l6BqW8jXb+H5M43SC/fg3fqggM7u2tIY9hmzbE/09i98d1NxPdqsCjDTt0u2aYx9H4Vem8Ldr8KjExmdZGJUxg4xSKSsC3HkQdJcNZHgntN4XCsMIuzIVLMLHQShVLI8CmOdJSivbA7OoC8RwHSxAezOMyQ7M6KkYUyvMl5+AuvQE0tZDV2TxY5PgP/4puuBH171XUb3lqFbdT6HZUBQGvYqA2OOhmE0XWBL4dwRvIjBmyjhnTlNjrf/Ap6bwuQyq3dalfJzXAPP+ogXb2FtL4NthZWqqzzILkhwsCBx/uoTjKDu2nujr9jKyhNfAjpYwA6wgAh+FGX0jvsQys4GelTC3Sq2Gg3R7lnrYBetzxY1+VlbBpqdAYiX3zqk4h8qdfMjMISbKeTUVOqkENjgO8Ui43OKncSULcy+2VQrIwcSFL2QGOzv4f41ucw9R2g4KjMrFNYq7MbAKvBAAAgAElEQVSKHQYJAWu0a5VU3YJJYrBSGbjvsL6nf6T9xDrDfZ7BJEyqTCJ8OMd6WFWPUN2DfRqz7yfuDwZ7NwhYe2hK0uBaAPJ9iEIZIld4tlUQQYRFtzMKi+BOEzZqOY640SAE3TW4HdNgl5mXQHorySwrWwaiFpL1JSQb9wE4yjPbLnBswVmBAxNAcBPvCYAVqp82Ou56up7UAmyMYNICfYs1iMl0f6ZDv8eh3wMnrFzH65p87Hsy6NoYR18r8FIqFQ5u3jj7BbMBw8IKhThfQX3sLLYr87hlK1hqC1S1gLYEZguJjNx6UosjApMYNxDDf+M/Cq9JITgf+s1SIdyZHi3fPDs78dn8WOFXH//iZ3f+4X/zX3fwsII9pFxpqh958zPz0vtOxJBgEDGEPAi59BVLCAsSjyDlO2XoNiWzndaz3YCM42RbdXDUBIghgrxLcwwS/bpT4F+mneCgdMMCIogwD5H16qLSMFIVoqMKaPrj2DQFrNYZq0KjBZces2xBRPCEhDzJ0JEgLUMQaBZEbNm2o0QXGq3Y1prt1vhQfufd995v/uEf/qcbf/zH//So4QQHlMvzFBlzaBxs9q8MwDL1OJTup6NVZqAHqWdIKg2QBbPspx2oOysnw5k2XHlVpwk8ZVMO7jShd1ZhtlfAUdN146uMQZZGXJFAd/0yq/vzfLB0yd/vs99m78xdN2c0WLuW3VQcgn/2dQSXfwBMLyKyHla3mvj1vSqub+xhq94BC4IkgW5RKTNgsyQ90ZOSW88g5CBcMCNKdLkdJcVmqz3c6MQziTZTl05Njvztv/ev/fkf//E/Xc4u67A2HFCuh9ojDcZ2zGCIrqlxO5kjPEyfmuyHMes0BZEFWwkeuGwpQWBwp93PlZ19rde07Emid9eR3PoSyf0bYJ242TQTs648fhB9Vp7ryBfksrFt33EK5xHSvc9stNshe06x5NxZ+FfeRzq+gK0H2/j022/w81sbaHVizI4PYX5yBKXAA8cdNOt17LRiVGMgtuxau55wFTMDMMYiSVLRNLay304qUaqLnpT2zXPT6//dP/7va//rP//nza+//go4WrkAAEpJ2q01ev9vLMEwQZJFKBMo6gA2BYQPLyhnm9KD0lesMNcWJolApJmtRyx6d5SkQjZgyCWIb3/p4IZcCf6pC48l7Zn6NuJbX6Lz5V9Bry1DFIfhL16BN7Po+oQOCKkAojDUT39wo9dm+7vWr14QknHMGNmcHTYQSjk0vTIBWxpBLUrx1Z0V/PKbu2i0IizOjuPHb13EhYVJ5H2BdOUu9m5t4T538DXl8CASSI1xyA5wojtfIoJSCkQGnURjfbs2faeYf3VypHxj8cKrOx/86Ce3vv76qyZcqHeUH2MAWFrtszdS63Sh4GuM55vI8zZsWgd5Q5DDr0CED7N2+orl+W1WXhuC9EMphiyt0i00SB/cQvTFzx2WEncgJ+Zc6sLLemgaDY47MI0qkqVv0Pn0L5AsXQeEQnD2dQSX33OFFIdyZRSEru9VZRTCD13d30swaq2vZNYBoX4IKg4BpSHElrC5V8f1pXVs7+1jarSC9187izcvzmNyuAgRNdG2+/D3boP3Y3SCOcRhBVttQmoYJAB5gooliCA9BVYShoFUa7Fbb0492Nq7PF7y7wXlkU0AbTilGjzxgYd+8/46EgNow/AkY6ygEQ5ZsEyhzQZMZwcUdhCUFsD8MIG1r1jKa5FQLSKhj2R3CgFSHqzRMLUdRNd+DdtqwOxuwj99CXJ8xs2VkdIp1d4W4uUbiK9/iuT2V7BRC/7iZeTe/gnCV96FqDxMeqQw7zohT7iENnbW0J/KwN8jpsU9ChiTBOXLEKPTMOUJNBKL5Y1drO/WEHgeLp6axsWFKYyV8wgkQUcNoLYJbC6hsFfHzKRAq5RDK/Ww2zYQTJAZFHGSRpnIHZeFQJQkxY3q/nynrU7tx/ZLAIMc+S62c0DJ/p2/+yH9l//j/8nMjKlShDk/woj0kRN512eFAckGD+/snQxYrKAJ5bUhhH4knpCNiOMkht7dcLm9Rg3p+hLkuKPNdBVL724guXsNyf1b4LgNf+ECwlffQ3j5KtTk0VQT8nzXzW/qlIvflA9OIleE8LQ06ROQQTfYDVh7XZy9AFQagRifgy6OYq8ZYWOnjk6UYLRcwOLsOMYqeXiSYNIYyX4NSa2KtL4Lqm6gVBrHWGkaOVGGsRZMAs9RJ330+jOPo6SAJAVmyGqtOdSUPLJbb+dwEPMaBJAO3Nz1nV3MDktM5iNM5NooeXl4IoQRPiBCkBgcGnFQ+uVfudK+jaIGpEo5ez0f+nPhQHkoz3GuGzUkyQ3o3XWIQjlLzwwQ/bY2YOsNiJEReFOn4C9cgJqYeTR/SSrI4Ql4M2ehphcgV27B7G643qRAnyv+Xe0Us+yDtW7aKpEAihXIiTl4M4vQpWG0NmrYb3WQpgaFfADfly54sRa200FS30Va24ZuN2GSBMJoCDagk+6Jf4QI4WZVG2tko9X2rUnDer3hwSkWD3ynQ98BAD5auDQV4rVZg/G8BVt2qdCnuP0Du8KgTp7fgJDpAf09rF3diaFSAlqDkw5M1HJ90UWWNGZ2sUgryo6dTVntDXB6tJAfwhufhX/qItLlmzD1KmzUAvnuOOhSk78L6fZI1QlMHIH8EGpsBt78OdDoNFj5MFm6SyhCqg12a03Umx3kfQnRaSGtbiOubkG3W0Chgrg4ijpCdAw52vMLdO/djQEzkGgDkyaIo5jQT/8MWqxB5QIAfn1e4PV5wvyIBIxCzBJkn269PSSSwkJVhPkaeX5MQjr86PAos14/8mwsiJRZa8Ss13vGgkC3gloJsAenfLvr0NursM39Jy9qaALBudcRnHsdYmjMpUh0kuUsgUcREU9SOEOYGRZWa7CxoNIwvNOX4S1chqyMOatkGUpIeEqi2Y5wfXkdS+u72G/HSFpNJNtrSHY3wcpDOrGIneIsVkweLQNIKXuQw4t5VQ4+O7ZM1qXtCO7ZD35/6Kb+3ish5kZca1D9jA2aexZLTc5VAdRErhh1x4PA2v4cmoEFAnDKJV3fLBqkgQAZck4Q0gPrGJx2HJ13+SbMxXehpk67USSPEArz8E5dQHDxbcTLN2Bq2+BW0zUEyQYFHFjLSUumuKw1bOqS4ghyUNOL8M+9ATV/HhTkgU4KIsBTEp5SiJIUy+tVfFNYQ85TmBUdCChwZRJpYQLblQUsYQSrsUBs2QXt38F+xLFsBEshANhuXtHioCt8SN780X9Mjdt/wq02YA0fxSZ/pPSerjd7pgohdmV5uE7KNzZNJGw2bo0exUjLrGf37vSMqft/Uq5XAXfa0LUtJGtLSDfuQ82fhxoZf9T1gJRyvK8LbyC3dhd2v4rk7nU3zJu6x81esJNWrgFmB6duNg6pEGrmDIKLb8M//wbk2CxYebA27gXKMuOOpanGnZVtdDoR5osK5aQCDF9B3Uis6RBrkUAncekdIU4QfX+KK2NYcpwbDCpXdwmHXSIA9CzVs97lQYC0IXKFmiiUqxTm2+i0imw0UXfCwpEyeDo68A2Aw79IgKkDG7Wht1eRPrjp+rSXKq4g9BFCXuC6+L3+IWyzDm63kazcBnfaWVJroNFuF454LqGMigJnqZIY3G6BhIScmEV45QcIrnzgGoP4AawxLo7kPoNKSgckNtsRbrYj3PMUSh4BXEFbAx3t5ioK4aCAFzAv7fHCIGtNV6noiK+Bm+GWlWju/eJZpF+ls7/X4DiqUr60LsrD27ZZy9k0USwliLqu52kvoOsuszyZUkCaTXG48yXUjGtKK5/Qd0qUhhFcfNtN6+q0wCaF3liGTWKXAJXyieVkzyaZomSWCkJCjs/Cv3wV4Ts/hf/K26DyCExXobKvQaHMcllr0YkTdJLM+jG7hJ7o5wm/62QVM3ct1mFlOmy1ejvE466xp1imvtvmqFUjL1wThfImPH8SSaROYgBTd9CjbTeQLN9EcvsrBKevQFbGDiShH/6ggBqeBC68BRO1ASLE33zkenzqbG4hZ66LMBDU05NfMR74IeNQQaeuxCtNARXAm5hFcPkH8N/5KYKLbzlQ1Bj395lSWWuRao1Ea6TaQAjn4iAIsOx2jYz+78lBEUfGwgNP0XlkgqCT2TkyuxIMflixjgzce+vA8V6AAQZp0gGoJgqlFVkaWiM/d47ajUJfZ49x+O5npWs3xFEbemsF8Z2v4Z/5GnJkEmri4dTOYZFjs8i98WNHtQnziL79yDUJidrOEnRhDBID79xT3pKMCuNaTUaANRBhDmr6DPzLP0Du3b8B7+LbEKPTLsWEDNfKlMpa7n85+gK6rBM7AEp3+/o+rQ3oBkInGd0zAO7vCh9luQ7EWZNX/gMCgLVP/4dnUoBBBmlKUjVkZXRNDk9siFyxbevb/d3hsS7Q7RQpm4LFQoCjNtK1JcTXP8lqDMtPLLsnqeBNzIEEgdv7MPUd6N11V8hgLOB3UwvdOO9wq8jeatDPzWRWitmBlUIAXgBVHoGcOQ3/lasIXn0f/oW3IcZmnDINxlXsEtNSCPieQuB7yAWe41yp/otyJKT9qOvM/tpaC23tcziio8XaAxbrsIIN7hAPWzCeefs/e6QC6Hj/oYX2FUsqI/ywJYqVde60VpL7N2pme2WhOyqXhBywLMe5YAIp5UrBqpuIrv3aEeVGJuGfe83hYU8QkSs6arQfZksgIMiB8kUgG0gAk2aT7J0F4wOYV78HaS/BLQRI+hClIYjxWfhnXoV//k1459+EN3MGVBqGzawTD3xndkqVDz2MDxVxemoEBV8COoVi3W0WPKDYzgg86s4N7vktE7QldLRAxzBiMwDxHOPOdyXVTJnVHVSqwd3hYUV7XBzUp9kEZTr8+z6ONTwBCvMp+cGO7bRW5fDEFoX5DidxDjoFFGUT1497Wez4VhDgNHKdW779yDUKKQ1BTZ56fOdka2H2dqC31pBur8K29kH5Ery5c86ddmsSG1XYThM2jbNh39x785nhuMFSOSaGF0AWipClUchJ18/KO+PacavJBbBUmbsbdH39L19JVAoh5sbKCHQHdWog3doC9ndgdZrV/3V3m3RgB9nLQ3afBGdqRwTPU5BBiFahjLtJiAdNF6speQhTfLb7T1FqESX2KOU5bLWOwrke9+Qfggf6ONbUAuCHTFLs2UZ9RY3P3BOVsXPcbsyx0Z7bgXnHi+Z6PRCUQ+PTCLZZQ7L0NTrlEVAuh5z0sib9R4tt7CG9fwPRtU+Q3LkGjjrwz72G/Pt/gODc6+DYTYVIN+5nkynqsEkETpJeb3kWwg3wDPKgQgWyNAI1Pg01eQpq+oxjVVTGQIXyAaUa/BoM2gmMfKAwLiIEzWUMrX6MaOkadG0HFgT4oaMlox9jMfp0gu6t6f4/W6dYUkp4xTKG5y9hP1jAcoNhjIXMKNtPG8x35+y49Wa0araDONbg1+BTNQO/OyrIfpyyHbRYojLiOiRbHYtiZVONzSypkclVs7s+jva+ByMPmfZjSNavgLwAnCYwtR3E1z92ecRcCaEXuB6fh07BOka6tYzo2ieIvv4U6fo65MgwgnOvIffWjxGefxOcpkg3l+Ftr8LsbcE2azBxJxv+rQEwWArACyFyOaBQAZVGwUOTMEMT4KEJaN/hahxrWJvAMoOjCLpVh27WYTotmDh2OzrPh5HKMTZX78De/AR093PInXWHKkoPllNYMIR1lmpQseyAFe0+wS7T3OVbNbw0ghd2n9bx4y1tGNYwijkBVZK0Hoby1UunvR++fdYfHy0hCEPO5ULj+9IoKTkMfZsLfev7HislGTYC2dTUmia9dnu3/Uf/+H/p4Gjl6v1uYIq9GyvODCvypV1v8tRtb/r0Hb15f1FHraKb8mCfv9CBkPV1JyBuI91YBotfAH7O6dPlH0CNHuzpYGoZC/Wbj5As3wNECH/xVQSXrsI/dQFyaNztDgtleDOLrnA0TWDSBEgT55Y4S095Pkh5SMhDQgpNDbQ0oKsNEJq9oBwMl1yv7SDd24Kp78G2WzBJApYC7Idg5fVahaedBKYwAR0Mu2pnIZ0rBHousOv++j/3n0nXqgEuh4hcEfu5UeynTtEkZemfZ36xCYkhwACTJcmeERydnQn//r/+/uQ7ry/OF/NhHkKQktIqJbUQrozWU9JmoBwLxJxGrfS0V6i/cvHSxjtvnFn9T/7zf7L9YG2360YHLRuAwyNPhHRxSZhrqMlTd7z5czeTBzdeN7WdKY470tUAPscEsG49nVSO18UGnCTQG8vofPHzzFAR6PJVyOGJXnI7XbuP6NqniG9+Dduqw5s/i/DyVQTn3nC9IbInInIFcJh3FoAZCm6HBSCr9QOSVKPe6mBvv4Vao42dWgP1ZifDoLIlWuvIiu2Gc6mdFmyauIISZkBYgCIwIofApwIczIInp8HoN6s7fLcfKh874ufuY0ogUNM+tjWDSEA9S6LukBjriIRFLzWe3Od3XhkuXr3gnRsrda4qlYwwIAUJFkSmm8cQhlyxNgPMCZRNEqFb+wVZ2rgwH9z7v/7nP7y+VpX3/9E/+b93f/nRJ11YjpDFbH3FYgZZ47xdWIjU5Nxd/9SFb+L719/SO+vzZndjDEaD4ap2un0dnl0y5SLhXCIAG0VIH9xCWydOwdMI4ZUfQI1MQ+9tIrn1NeJvP4feWIXI+wjOXUB4+e3+5K8eVsS970d9WcuoN9q4dn8NX99ewermHmrNNpJUZ64pu6ZsoABnnY65t+ZDmwtmwBIYPg42Pusr1rMIEfdirdQyUiak6EJ0dAxr5dZNwmOyGla3TdzaxlwlKhbtrTOitf42SznNTMLQEXXZmZIzLIjZGlAiVK5NMr9ZyU99Xho+9Yv/9h/+F7/83/+Pf1H9Z3/ypwn6gT8f2OP30hNCWMoVanJsZsmfPXtTry2ds41a2XZavgAB3vNyHrs238saqsFN71pbQrfsjHUKb+IUdHUd0Te/Rrq6BAgBf/E8wlffhb/4CmRl9CHdfpRSGWMRJynub+ziV1/dwV99eRu1RhvGuNzdyyhSSviqC8nRMytqV4gESAjoNGHdaQKFdmA6VIEsjFkpxy1nQ1kedQJyx+CsN61UubOKzYQfjgcL07Ptf/Af/v3lf/Ynf3oTA/DE0eBR1lNUloY3vPnzX/mbywtmZ32So9Y0W4PjX2Imh3ldXgCAXQvuzWXwl7+AbdYghyZgWzVE17+Eae1Cjo0hvHwV4eWrbjpXz3cNvBTAISvl3Fe92cZuvYlffX0Hv/zyNnZrDUjpXAx1Fat7iO9Lzw5t2h1X6wSRd2YyFiK1RMYKtiRZUD/f+miD6Kxlt6uiTZtKtx6cIRmmwXC+OZqv3AZwCwPY14HgvSfWIcwU5hv+9OK35vSluXTl7gWzvzvOcUe50bXZ7OMuCHO8K0WPBiPz2dSFBGZ7BVGnCfghoCPo6g5IAt7MPIJzr8OfvwhRerif68Ouz2bWyuD2g02sbFXx2fV72KzWoaRELvCfeuv+fctzvcou+QwiQSApEy2NpTCFzEUklRYDIdFTHAvWtGGSfR+tlUWhilfhlUcB/G/oWyzbp80MdhRgl16gsBDRxNxdf+HSp+nKnSumtjWVbi7Psk6E893PNxumm/LpM1I9Z46NhqnvgtkxUjlNIYoViGIZlCsAoGzwkcqu9Wj311Uqay2+uLWM1a09bFb3IYSAkrLHRHjOx/bC5IQzOsRsBTNIa0hjQQfz0U97FADkuS5KJirqzsp5ROFgGyXGgamOR5d8MYX5ppqYu+UvXvlY76zNmP3dIVvbKbF1LbJPJEnaA1Cla2lkjatNNK5XJ3keyFPgThPJ/euOF19dhyiPQpaGXQtGzweTdF1fjkDJbz/YxHbV0aJzoQ+R9f96qJz8t1kYZJkFg61lK1ze69mvn4TX49rZpDlk0WrhYH9C+1gT2G2fLYpDG/78+V/p7dVxvbk8m7YaV1i74QGO896NUU7oIWUtIgV5AHsAGGwZenvFDWp6cBPe1CmI8XmoqQXIkSmI8jAQFgAvhBUSVkgwCBYEwxbbew1U99uwzFAZJ+p3TZiZ2LLQhold2vRYN8HdO1ePwTYOrOVuSVkPYXm8b+3GWkSpKJTveBNzv/Zmz5/nVmNM76xPcNwh8gLAD3C8XM9hGQjqu+zQ7PdsLWyjClPfdbOfl29AjExBjc9BjE6DhsdAhSEgVwK8AOwHsMKDFRKaARNHMNag3yj3d0cykJaYQMZaYa1lV1RxEoYgo4ocrPzhpwvarAGAmhyZ+CY4/+bPwKbCafq+rq6Psk6y0SDHmGr1tJLFQiwEYBJwu4Gk04LY2UCyfBuUL7o+6rkSuFAC+3lwGMJKHyw8aBBMPAHw8yRxfxNl4MV0vDMCiLRxmJwL5tEPdY97Gu4lsHtWa3B07xEfYIBdlzpIxXJkaisI8h9Bioqt746ZVj3PnUauV2voeeiBjCchg8ehLKYTqjdb2nZa4HYDXAWs8sAqAHuhs1bKhxUKRkhoCIjhfwNCFh7LA/ntFSYCCxIkBAkBoSzJEoRXYFDqJrQNZAye6cjca9ki0c+n2wHk/YhP2Qypl8q1HFJem7W+CRJFs7M+bRq1fLpy6zynSegevMILMQkD+FJv9wgAQsIa3St/57gNE3VgScCAYAAYEFImcFkD4jmT6L9hYru8MWL2fGEDFdgWfAilJIIRQV4gYOrEHANgEHWf37MZBj6i8ucJFiv7LqTrJhOEIGtbamL+pn/+9b+wjVqBkyivt1ZOc5pIEGX9HbqDmk7YJTIAZAwJKfvMALYgnc1GNN2e9N2ScOtYBb9Du78uhGKMhdYGQkiuFPykIErxmvY0pOcLr+KDjOcKLI7LED4gB2g4TwmMZQGvdclsUSxve3PnP+JOK7BpXAaRn26uzNo0EYIZCMJnVfpjSvZ2Zaiwe+MEIDIeu2U3UML+blkqwL3TRhtobVAqUDRWCvfyJr/XaNukVBkv+kGYB1dzsCnRATd47Ad3oKzsKRWLXW9ynXaRdiuK5TVv9szHNo6GwRxYbZTZWZ22SeSOrnxX9tW9yhMT7n87FIMxJEjJ/r9l+xV+Xh7ZM8r3DbkaY6GNQZS4ZirF0G+NFv2V6v3a6t5eM5mcni54ioY5bYQwKTnK+XP3fT1AbX72rslw2X8wIAqVB/7c+Z/BWrJp4iVs3tU765NWp65sSXZbD73YW/0QzRcD+97nosgdcz2DP38PLlgbC20cBlkshMnEcGFV6ubN619/sTk/PxOePT0564n1caRRwGwcXvj8sfHzKhZctYpOACARxfIdb3ZR2bgTkgv237V72xNIU2JCxmAYwKRe2I3mXtqSuxbLdtM9eKEmpPvaWGthbJajRPdRUf/SB/7+JKV/3e4M2gJKeTyUK9RnxvIPhnz7ybXPfn3jwfK96B/8+//muflxuqDQHINNB/r6H39V3Icbegc6lmL1xFmuWBQqt/y5c0xEMUll0vvX39E7qzM2jQmWAV/0gckXEdQPyMMW64Wern8uHqgvtN24zxWcihfcHad7eda61pO+kLpcCLfHi/6dipd8cf2Tjz7+2Z/9P1t/+2/9ZPTdK8Ovl9X9KxTXRgAM7ARPRJ7PYnWlZ7mIOqJYueHPnWUhJYTnxQC/k26vznISBwy4cnjl4cA44BN84o88FL84Y8VwXHK387Qgksh5HgoSyEuGxxrCJiDW2YsFgASz9IxRfqyF6iQsIs1I+DgemwEiV9DmGowI6ykkoUgbRa+1JuKtmx/9y19+9bM///Odn/z4w8rf+f0rl8bC7ddksjYH0/Eh1MPkxePLgbfn+SxWV5zlSkRx6LY3fz4h5dXY2joT/cDsbly0aeK7AZoCdKLd8x8tR8VdJ38OztyfK80aCgRm/RjjaKOYNKDiBhC3AR07jq/nW5Mr15NwdKvpl1bqmrZa2ja15fR453eKBSJIEEuptDS2Y/Y3mtvVB3tLd5d3fvXxV/U3Xr9c+Hf/rR+9dn6qfdXTK4swjZzDrVwh8QkJDXx/PovVla7lIj+IRLFyS00vRH7ciVmIpi5U/v/2rqU5jus6f+fe7p43MIMZAiBAUKBIiaJFOaZSkSuyY8dVXqSShbNKZZdFFvkbWuUvZJdlKnHiRSpOnDgulVNSYktWIlmkKFIkBRBvzOA175nue+/JoruBnkbPECABSIL4VfV0T093Tz++Pvfcc8+jq3erV3Vjp8xe36+aatmBYn/y0ovPwGbFzDAMqCDHz5hjYzYLzIkGKp1lpOurwG4VpuPXwyYhwE62rXLj1VZ/4mGtsXv/4Xb70cP1ak0bc5yTHdiWiBggFoKImdl1XdVptdxms6GzGZuuX53J/NVf/MnlN9945dpL0/3X81i5IVS9yAAggtbjlDpWJyOxQviBC0zp3Io1danPtrMlS1NVtb7wHXfps9/V2xvT++V4AUCegeQ6hWMaZmjjZy0spghXMwpX1TrytYeg7cdQzTp0uw3jeZCWDYyV6/3CxOd76fF7j9vq3t21heXF9c1631NPPcLkkwrQRhujDdu2RcYYMz5ekC9deSl/69VLpW/dmJybm0pdLWZ3rzqmNk+qUWJoy486P7EmcOC0woUTJRYbDSgPABvK5DblxFSbbKcFojor1SJpvWYaOxfZ6xehPAr9rSBEEKARTuEB9z+e/dxO5Cj+cZTSMAyUsynczLt4obWA1PJH8NYXQDBI5TOwZoqQmUzPmphqicpMtZcbq2YFdwpuP3tdT88TXnvmUwpDtQwbFmQgpRRj+Wwqn0vni3lZKaT7M1mxPS/M7gXoTgbs+1IdFDo/ve7yyUqsCAgCxGgB9KnIje3asy+uyULxgd6rvaF3N7+hd2sXudOWrHUQus+ADIYj+HiS7KwsVX4T6E8p28bVHPCSuwq58B76mysg1ii+MIPSizOcmXT6siB6dqGgRDqTZuHOGeWr8ZQAABDhSURBVKgpZjbP2gsLpVVkDbMBCWEkibYtqZMieGlwLy9UN8/ctwAEdaiT02efNE6HWBwUNHJ7YLfXAdHnolCqy7HSpnVhpqp3N9e89cc3VW19VrcbJfbcdFinJoyWBokgEUlM2edDC2cGrQ00GzhS4FKWMG9qcJY+RHt1AeniOApzFVW+8YIam6+wne0JQe08cb0I7OFZbUVPAgfFkvyaiX5pFt+YJkDCikgp4Czu3alJrCj8yB5si1zxtrgwt25Nzt0TY+XXRWHxd9T2xg3T2LmsW3sT7Hb9WD5jQEIG7vCBLvAFjvWFjYbSvlmhkrVxzW6jtHMf3sYiUoVxTH7zRm/85QmVrShhOTWL4Dl+gKufHpJO+Ro48sJxEKSynzNswHZ5Ni/kmRAL2r+5INES+WILolhlraoQckUUK49Nc/cVtb12Ve9uVbjTLECpLNiIMCEagH1dLHBQC16+BNPFKfLPN3wCZdtg0tsG7W72TTrXLV1/uTfx+mXKFesFVltZ4/UAkhAyBSJ58HKcIg5uA40g8dlJ+bMh1j58azQzdwC6LwrFqqzMfAqtXlTV5Ztqc/maqW/Pm05r1nSa09xtp02/40sxIFDyGSyDQdMzEmLR9EO2JVGymVP9XrPLYlPMvrRVuPmKlSnVL0LXMkb3IITtGx7PSJ8ZAO1/fKE4W2Kx8UPXlQd2ez0Scl0WKxtC2ktEvERCXuXihRdNqzGvdtavmObeJLm9cWiVZc/NsnIzrBRBefsP20+mEdRkRqSYEkSw7BexfBaE/lxCEHIpm9Np2eiZ7IO9VPFheW7ey1Tsy2R2UsZrE5GEsDIncru+yjhjiRUHgUgwCFsAdUSusEzj5dum25mEJeZ0JndJCmuOiC5ypzmjm3uTut2ocK+dDTMN7hdPChNxGHPggs2BVfmo+UiHIOwNCiGQsi2lnMzKWkP+eqltFr4zZs1aqF4l00qBZODidnZK8pcVXyyxAgkG5YHdfgdEHcoW1oWVylBr575gTFI6PyttZ9Z0G5coW5gRvc5Fdnsl4/YLxnMdo9wUlEoZpWwYYwutbTYs2LAUxggyTGSAZ2kewqTMDAltZL/p9td3tqqPlraqm9/D+LTx2g4cLUimAoJ/fQkV4guWWIfhK+bUBdEqQNtEtAQpC5TOTkg7XbRspwxpF7VSFVb9otfvT4huu6DarYJy3bxUXsEolRZuP81e32HXs2CMYCEn8JTmZvJ9LOGxhZZrVL2x2WnXF3qW2YHlrQoyjm+BCw28z/ElIxYHTZkx/vCQMT022mOjOwy0yE5tiVyhSqnsOGuusHZLstcus50qMslx0+2NsfLGjOtmNURGMxyl4ShoqUDj5qmJBQAEbQS6fcN9vQNSuyDdZqgGjCkzyHrK8M+vOjjRor1PrL/+m789xT8Paj9vd4BHjwZ/WloNFgiAA2y0gu+XgRQAA40uugC6gP/51ltvhTtEo0NkMFmRyQ4m5w//0nlbQkzRU/jghi4vfuosDU1+qmzjZ+WHFL6HQTgG8LXkl499HeA8yu3EAbCgKgQBz+JIwWAw+SMCFvu+THYQ/RT9+68P/FjiwxLrPBIrRJRgnEunO+mU3Q3r3BzPWyUARRcpXPh6MQmhu3cw5Em2B0p7iDnvfrl0rGcDj1jmC2PZrZ426Wrfy3ZdF7a0kE4FpoFwCGQI9j3YfHdjFkSsgz1P+iIG//FLCvbArABKgWS2Q7Zshr+Em5wnYgExKRX9PlspfNZ2tdto98bqLVMgaDBboEgQxhMPHOQpHU3Dk8CXVQgGtkIOMg1ZuT7blTXNmWXE7vd5IFbSU4iTy5TS+LiQTTdbvbELnb57rd3pW52e6ztPhHlQhzzQ0DLV6zOYOaUlW1ISBR6cJ3glvmdCEF4U+fcvBzgId2Ltl9xjWdx2xezdtsosIvZSnwdiAYeJFF1mALz04M7HM5fn9y6VxyudnptZNXtz3b4SmgHLipYjOUyufe8GP/UkGWayRBjcdZLiJTjdoGzd4BmcNI5z2kGP12h/3F/YQKq87VmXP12tj32wttX9HJGXGOeIWECCXhWdfvJPP159883vute++cb4eEowl/L1dl9VXMUZIrIBlk/KnpzybGZjOlnp9FzDyi+oekyvxJEgZpIG5BgIy1BodhuI+D4OIw6GliLS+OlKPTEbZqMMnC5kru7Kiw+32+X/+/VHj++8/7+3NxCp3IJzRiwggVAIKowsLy25P93+561b1a0Pp+eu7VQuzi1euFB4oat4ylOmIKVwbF90HRqTCdo87nGKtFKtdFOuPW57HUsSCBzk4PBbxad5aKG/liHH08g2NeVaDMtlyKBc2bORlyjKq9AsN7K3wv5+gU4FZrDxlKKOy9lap5dfWq7RvQ9u3/3sP9/+n+rDR5+3cU6JNZRQ0andbnvvvv3zar7wXuPbf/CD7StXry9ROjsNTWOwrDQ5VmDninv++g7TNjyQ1+80drYfb9RarbkypQFjGWOIIZ++wTJ+YQZt5dttc/HRVl0u79XrTa1axs92vH8eR5ZWItiWwSyEgBCWlFKQJLb86imDHq3xNPJExMJPYcyAMcxwPYXWXtetPlpZW/6X/3hv8c7dz1oAPPhFncL7fC6IlaThDiNYWNFKt5r1/i9//tOVpWsPGvlieUlYqZRlCVsKEYaLgwMpQSAmQcSGmckm1+2pzs5Se315t/viVDErBFvahLWWn45aHOQhM5Rtb3Xyi+98uHj749t3t5Tb0YDvVQEcfvghDvnAh9v5/kOGhCRp2XBsS9gWEcEQEXHEOZDD44cBGoHVk4UQfqICZq/vsru112/dfbjRWFvf6mKQUAPTV51YIZIkVkgqgQipEJj1tFJ4cO+TOoAWYil4cDSGkJSChZ8L7NkiGSO2ViFIplO2zOdSlnaUADOk3C8nx1FyHQ6qGAAL8mWNgTCtjnYfrFY7d+6tNjHYwYnPw+X97Hw4eDHDuQrm0SlKrK+0xEoalosSKiRIuKyRTJowMSvhMLHi2w78RiQYUpLvLRr1wTqe5PILgBIstPOVbP3ad2+VMrde/maLVY+BwaRoIoFMSZKMCExgYXxJ67V61s79z7cetzvug4WlWlgWLtHmh0jvDoOEiZNJBdMAqfAVJ1Yc4RONS6yQUOEcsd/D3JnRQW3gMAnjhCMhhCGyDD1jRDGFAemmlcuL1SvZXOYi5x0lyA4OeJS41phzIREDWsCAWdpeT2VXs2lhLy7NVxeWaqHUik/hn43SVePkSpRa54FYcTNDOA/JEt6M6DZJzWVcYh0iUmwSQgoDspiQMAp7HAQ+XMTahm5YEq0CSJpQkuEpTRrMisDMAlmPaUxlLTNWyLCAL2WiUmmUKpEktYYR7FwRK4q4aE961ZNINYpYhwgVTCAig+E1s57yCgz5Y3FG+gc+Cqf4wNYVSZnkZ0NmAmsbQlqCiSyhDfyeXJw8wwiVJLni5IqvP3dNIXDQJg1rP+LNYEiWoxIqJKOUggyROFlikf9Xx7OHhQZQjkQ6E0ABL/zgX00SSkrh4UAvSiLPqOWkHmDc1HAuiBXVq8InET74cDlpn6M2g3FS7UsrAPCJxRzYT5/9aohAkHhyzqpgiIUNAul2sDq8FSRAMqgrKW0FWAqAklImEStOsiQ960kEGzjOV51YUcQlVggT+T2JUElmhqFSKnpsIt+F5hSuJXIqQ8DhBwWJPoJ0nEb5rt3goFzNwfGkRNh0D7M/jZJa8SYxiWjnRmIBh/v3SQ/aRLZhHJTmiJojkkgV1cGixyUAJAUMURDSeOIOfyMOx36NIwhHs1VsaDG+oynbAGCk6eaErk8QN4vQXYeNf2pEzATBji2ietEh+1Ns+UlK/VApdx6IFUW0aUyCifz+pN5fSKp4d3x/u9A6fcLXMAIc6OkaBAkt8rttnr230yx+WqvzmjbGm8gXS5OFset5uXnTQvUFo3oE9nUwISiwpCcq3qMk11HMEgPTeSFWVGrFyZVEojiRMGSbeBM4sF4KNgQDcSQ70wkgcAlmFgYy1+1zcXm5Jj9696PPP/rlf/92vdFour//e98o/tH3X967Pjsp8xZnYDZLMEqQpSUgYIlDpBpFrmGkeuL680IsYDS5ouuSLOvDyBWPCQiNrMHNP7ivpxv7FSrrGmADppRSYry22049+vDuyv2/+8e3l2pbuy4As7yyupFNCyr+8GY+XZ4et0TzVdbtAoySgpxwLDBJau2bChLmGDIftnzuginiREp6w5L0iXj3eejganR/27ZZ2ClAWAQQnXpCeTa+i42wtUKmvtdG9cM7C7Xa1m5o8GSltHn3vU+2VmveiovCOoTTI18VlEII2LaVdN1xW9SR70Fkfi6bwiiivcP493jziNi28XlcrwoVegZgyC5omSp7wiZF1DBsPABBfesTRYysvgMYBUuH2CxIsAgrpEH7KpZIKbKyHkTqKISJkwUJ81HL505iRRG/4aP0hFFv4tAudcfL9o093RTpSpsgmXUfMAqDre1JQgSkVdJCt1jKi8nXvjFfyWXTA52M7775eunyxcIlh/ZmjNfMgqQip9CAHGt5xuklXPMw6X1c3SsEn2dihUi6+FFd6SQyJZJrpeZ2mt7EhpaTmyyzbWYT+FadTpNIJP00mlpZDlrlYtabv/XqpWt//qffuzg3U7HzuQz96I+/X/rBmzevTY31XpXe6kusOhmyMk0jy6tdM75ea+CQtycOv0Txaz0SmaLrz2NTOApJT3uYDSzJ3DDwIB4ubHY/W2qtzlycW8xYpW3QxhSbnjC6CyLrwGh5Uggt89ACpp1Ly/rlK1PpWz/64XX729+aXTUsvampcmnugnsjpZZumu5ahaBBdnnHk5MP1nfdhQeLO534dYyY4vcEANBc+S+2clOwUhMQMg0QQTqFgW2+bsRKAgMAqwa0IVhOIYkJiTd+eWXd/dnP39m8Mv9nD8ZmZx46zk5ZeOvTRitiAQgpjznm9wQEJCUQfPe9vVJeqNdSpfTsbFHugdjYcjNP7l7ZuFtlNgoic2HPpOYe1Vq5u//6i18t3v7kUdQXaxiRBkjldTb8exRKZNZB+ksGw4D48BDUc2IFYJn3y/YFX3Gg7A8V+b1ez7z/mw86b7xx6/Hk+I0PpnIvO46wbkLtVASrbHjzTxwk4Mc39C3obtkhqwzhjwuyp8CqB5DlUvbSOjIvftowF9+/fX/j4d//w08aGHSZGbiepJNl7R6sC1Kls+lBex34xSANklI3PSdWgATJEu05DmsODQDzbz/7xRYb85vvv3G1e6l4pZWWqVcsvTct4OWJlYODVD98Mkr9fudVgJk4DHlHoIfJXJvt8rInZz/Z7U6/99H92m9//JN/X8NhAiWxfvC3KGlCl5yDTHRD8ZxYAYZEQQ/rRQ4QbHV1zX3n3fe2Lk2XVgpOagq2k7fZgjDuGLEO6hj7xOIjKl1Dh4oig95EIDJCkIDcP76QPVC6YUxmqWPSC6vV7uK7v/pw4+Pbd/o4ujK+v+xHZh+cFTECr4rR5/+cWAHEwZsZlVTRdYnSCoDp9/v649t3Oh/fvvMpgAc4yM8V1sQN53FviiTEiZzUgwvXJTnZJc0TAx6QTKgBygiZGnKao/GcWEfDKLNE+PAGooAi+4nIPEosIJlcSRJyGLlGWc+fZINKkl7DzuXYeE6sJ2OYrhUnVFyDDbeLu98kjVXG94vuD4y2O40i0igr+5FMC0+L58QajqQmInyY0YHqUEqp2P7hAxzWDI7StZ6o12GQWMeVYKPMDMOk17Hw/3lEqHAYR/NvAAAAAElFTkSuQmCC"
          width="50"
        />
      </div>
      <div
        className="Environment__card-text flex-1-0-auto"
      >
        <p
          className="Environment__human-name"
        >
          Ubuntu 16.04 Python 3 Developer Dup
        </p>
        <p>
          A base image for python 3 developers using Ubuntu 16.04
        </p>
      </div>
    </div>
  </div>
</div>
`;
