// Jest Snapshot v1, https://goo.gl/fbAQLP

exports[`Test RemoteLabbooks rendering 1`] = `
<div
  className="Labbooks__listing"
>
  <div
    className="grid"
  >
    <div
      className="Card column-4-span-3 flex flex--column justify--space-between"
    >
      <div
        className="RemoteLabbooks__row RemoteLabbooks__row--icon"
      >
        <button
          className="RemoteLabbooks__icon RemoteLabbooks__icon--cloud-download"
          disabled={false}
          onClick={[Function]}
        />
        <button
          className="RemoteLabbooks__icon RemoteLabbooks__icon--delete-disabled"
          disabled={false}
          onClick={[Function]}
        />
      </div>
      <div
        className="RemoteLabbooks__row RemoteLabbooks__row--text"
      >
        <div
          className="RemoteLabbooks__row RemoteLabbooks__row--title"
        >
          <h6
            className="RemoteLabbooks__panel-title"
          >
            <span
              className={undefined}
            >
              <span
                className=""
                style={undefined}
              >
                update-test
              </span>
            </span>
          </h6>
        </div>
        <p
          className="RemoteLabbooks__paragraph RemoteLabbooks__paragraph--owner"
        >
          Created by dmk
        </p>
        <p
          className="RemoteLabbooks__paragraph RemoteLabbooks__paragraph--description"
        >
          <span
            className={undefined}
          />
        </p>
      </div>
      <div
        className="Tooltip RemoteLabbooks__undefined"
        data-tooltip="undefined"
      />
    </div>
    <div
      className="Card column-4-span-3 flex flex--column justify--space-between"
    >
      <div
        className="RemoteLabbooks__row RemoteLabbooks__row--icon"
      >
        <button
          className="RemoteLabbooks__icon RemoteLabbooks__icon--cloud"
          disabled={true}
        />
        <button
          className="RemoteLabbooks__icon RemoteLabbooks__icon--delete-disabled"
          disabled={false}
          onClick={[Function]}
        />
      </div>
      <div
        className="RemoteLabbooks__row RemoteLabbooks__row--text"
      >
        <div
          className="RemoteLabbooks__row RemoteLabbooks__row--title"
        >
          <h6
            className="RemoteLabbooks__panel-title"
          >
            <span
              className={undefined}
            >
              <span
                className=""
                style={undefined}
              >
                trump-tweets
              </span>
            </span>
          </h6>
        </div>
        <p
          className="RemoteLabbooks__paragraph RemoteLabbooks__paragraph--owner"
        >
          Created by dmk
        </p>
        <p
          className="RemoteLabbooks__paragraph RemoteLabbooks__paragraph--description"
        >
          <span
            className={undefined}
          />
        </p>
      </div>
      <div
        className="Tooltip RemoteLabbooks__undefined"
        data-tooltip="undefined"
      />
    </div>
    <div
      className="Card column-4-span-3 flex flex--column justify--space-between"
    >
      <div
        className="RemoteLabbooks__row RemoteLabbooks__row--icon"
      >
        <button
          className="RemoteLabbooks__icon RemoteLabbooks__icon--cloud-download"
          disabled={false}
          onClick={[Function]}
        />
        <button
          className="RemoteLabbooks__icon RemoteLabbooks__icon--delete-disabled"
          disabled={false}
          onClick={[Function]}
        />
      </div>
      <div
        className="RemoteLabbooks__row RemoteLabbooks__row--text"
      >
        <div
          className="RemoteLabbooks__row RemoteLabbooks__row--title"
        >
          <h6
            className="RemoteLabbooks__panel-title"
          >
            <span
              className={undefined}
            >
              <span
                className=""
                style={undefined}
              >
                tpub
              </span>
            </span>
          </h6>
        </div>
        <p
          className="RemoteLabbooks__paragraph RemoteLabbooks__paragraph--owner"
        >
          Created by bill2
        </p>
        <p
          className="RemoteLabbooks__paragraph RemoteLabbooks__paragraph--description"
        >
          <span
            className={undefined}
          />
        </p>
      </div>
      <div
        className="Tooltip RemoteLabbooks__undefined"
        data-tooltip="undefined"
      />
    </div>
    <div
      className="Card column-4-span-3 flex flex--column justify--space-between"
    >
      <div
        className="RemoteLabbooks__row RemoteLabbooks__row--icon"
      >
        <button
          className="RemoteLabbooks__icon RemoteLabbooks__icon--cloud"
          disabled={true}
        />
        <button
          className="RemoteLabbooks__icon RemoteLabbooks__icon--delete-disabled"
          disabled={false}
          onClick={[Function]}
        />
      </div>
      <div
        className="RemoteLabbooks__row RemoteLabbooks__row--text"
      >
        <div
          className="RemoteLabbooks__row RemoteLabbooks__row--title"
        >
          <h6
            className="RemoteLabbooks__panel-title"
          >
            <span
              className={undefined}
            >
              <span
                className=""
                style={undefined}
              >
                test-lb
              </span>
            </span>
          </h6>
        </div>
        <p
          className="RemoteLabbooks__paragraph RemoteLabbooks__paragraph--owner"
        >
          Created by dmk
        </p>
        <p
          className="RemoteLabbooks__paragraph RemoteLabbooks__paragraph--description"
        >
          <span
            className={undefined}
          />
        </p>
      </div>
      <div
        className="Tooltip RemoteLabbooks__undefined"
        data-tooltip="undefined"
      />
    </div>
    <div
      className="Card column-4-span-3 flex flex--column justify--space-between"
    >
      <div
        className="RemoteLabbooks__row RemoteLabbooks__row--icon"
      >
        <button
          className="RemoteLabbooks__icon RemoteLabbooks__icon--cloud"
          disabled={true}
        />
        <button
          className="RemoteLabbooks__icon RemoteLabbooks__icon--delete-disabled"
          disabled={false}
          onClick={[Function]}
        />
      </div>
      <div
        className="RemoteLabbooks__row RemoteLabbooks__row--text"
      >
        <div
          className="RemoteLabbooks__row RemoteLabbooks__row--title"
        >
          <h6
            className="RemoteLabbooks__panel-title"
          >
            <span
              className={undefined}
            >
              <span
                className=""
                style={undefined}
              >
                testing-notifications
              </span>
            </span>
          </h6>
        </div>
        <p
          className="RemoteLabbooks__paragraph RemoteLabbooks__paragraph--owner"
        >
          Created by dmk
        </p>
        <p
          className="RemoteLabbooks__paragraph RemoteLabbooks__paragraph--description"
        >
          <span
            className={undefined}
          />
        </p>
      </div>
      <div
        className="Tooltip RemoteLabbooks__undefined"
        data-tooltip="undefined"
      />
    </div>
    <div
      className="Card column-4-span-3 flex flex--column justify--space-between"
    >
      <div
        className="RemoteLabbooks__row RemoteLabbooks__row--icon"
      >
        <button
          className="RemoteLabbooks__icon RemoteLabbooks__icon--cloud"
          disabled={true}
        />
        <button
          className="RemoteLabbooks__icon RemoteLabbooks__icon--delete"
          disabled={false}
          onClick={[Function]}
        />
      </div>
      <div
        className="RemoteLabbooks__row RemoteLabbooks__row--text"
      >
        <div
          className="RemoteLabbooks__row RemoteLabbooks__row--title"
        >
          <h6
            className="RemoteLabbooks__panel-title"
          >
            <span
              className={undefined}
            >
              <span
                className=""
                style={undefined}
              >
                testing-activity-feed
              </span>
            </span>
          </h6>
        </div>
        <p
          className="RemoteLabbooks__paragraph RemoteLabbooks__paragraph--owner"
        >
          Created by cbutler
        </p>
        <p
          className="RemoteLabbooks__paragraph RemoteLabbooks__paragraph--description"
        >
          <span
            className={undefined}
          />
        </p>
      </div>
      <div
        className="Tooltip RemoteLabbooks__undefined"
        data-tooltip="undefined"
      />
    </div>
    <div
      className="Card column-4-span-3 flex flex--column justify--space-between"
    >
      <div
        className="RemoteLabbooks__row RemoteLabbooks__row--icon"
      >
        <button
          className="RemoteLabbooks__icon RemoteLabbooks__icon--cloud"
          disabled={true}
        />
        <button
          className="RemoteLabbooks__icon RemoteLabbooks__icon--delete"
          disabled={false}
          onClick={[Function]}
        />
      </div>
      <div
        className="RemoteLabbooks__row RemoteLabbooks__row--text"
      >
        <div
          className="RemoteLabbooks__row RemoteLabbooks__row--title"
        >
          <h6
            className="RemoteLabbooks__panel-title"
          >
            <span
              className={undefined}
            >
              <span
                className=""
                style={undefined}
              >
                test-book
              </span>
            </span>
          </h6>
        </div>
        <p
          className="RemoteLabbooks__paragraph RemoteLabbooks__paragraph--owner"
        >
          Created by cbutler
        </p>
        <p
          className="RemoteLabbooks__paragraph RemoteLabbooks__paragraph--description"
        >
          <span
            className={undefined}
          />
        </p>
      </div>
      <div
        className="Tooltip RemoteLabbooks__undefined"
        data-tooltip="undefined"
      />
    </div>
    <div
      className="Card column-4-span-3 flex flex--column justify--space-between"
    >
      <div
        className="RemoteLabbooks__row RemoteLabbooks__row--icon"
      >
        <button
          className="RemoteLabbooks__icon RemoteLabbooks__icon--cloud"
          disabled={true}
        />
        <button
          className="RemoteLabbooks__icon RemoteLabbooks__icon--delete"
          disabled={false}
          onClick={[Function]}
        />
      </div>
      <div
        className="RemoteLabbooks__row RemoteLabbooks__row--text"
      >
        <div
          className="RemoteLabbooks__row RemoteLabbooks__row--title"
        >
          <h6
            className="RemoteLabbooks__panel-title"
          >
            <span
              className={undefined}
            >
              <span
                className=""
                style={undefined}
              >
                temp-labook22
              </span>
            </span>
          </h6>
        </div>
        <p
          className="RemoteLabbooks__paragraph RemoteLabbooks__paragraph--owner"
        >
          Created by cbutler
        </p>
        <p
          className="RemoteLabbooks__paragraph RemoteLabbooks__paragraph--description"
        >
          <span
            className={undefined}
          />
        </p>
      </div>
      <div
        className="Tooltip RemoteLabbooks__undefined"
        data-tooltip="undefined"
      />
    </div>
    <div
      className="Card column-4-span-3 flex flex--column justify--space-between"
    >
      <div
        className="RemoteLabbooks__row RemoteLabbooks__row--icon"
      >
        <button
          className="RemoteLabbooks__icon RemoteLabbooks__icon--cloud"
          disabled={true}
        />
        <button
          className="RemoteLabbooks__icon RemoteLabbooks__icon--delete"
          disabled={false}
          onClick={[Function]}
        />
      </div>
      <div
        className="RemoteLabbooks__row RemoteLabbooks__row--text"
      >
        <div
          className="RemoteLabbooks__row RemoteLabbooks__row--title"
        >
          <h6
            className="RemoteLabbooks__panel-title"
          >
            <span
              className={undefined}
            >
              <span
                className=""
                style={undefined}
              >
                temp
              </span>
            </span>
          </h6>
        </div>
        <p
          className="RemoteLabbooks__paragraph RemoteLabbooks__paragraph--owner"
        >
          Created by cbutler
        </p>
        <p
          className="RemoteLabbooks__paragraph RemoteLabbooks__paragraph--description"
        >
          <span
            className={undefined}
          />
        </p>
      </div>
      <div
        className="Tooltip RemoteLabbooks__undefined"
        data-tooltip="undefined"
      />
    </div>
    <div
      className="Card column-4-span-3 flex flex--column justify--space-between"
    >
      <div
        className="RemoteLabbooks__row RemoteLabbooks__row--icon"
      >
        <button
          className="RemoteLabbooks__icon RemoteLabbooks__icon--cloud-download"
          disabled={false}
          onClick={[Function]}
        />
        <button
          className="RemoteLabbooks__icon RemoteLabbooks__icon--delete-disabled"
          disabled={false}
          onClick={[Function]}
        />
      </div>
      <div
        className="RemoteLabbooks__row RemoteLabbooks__row--text"
      >
        <div
          className="RemoteLabbooks__row RemoteLabbooks__row--title"
        >
          <h6
            className="RemoteLabbooks__panel-title"
          >
            <span
              className={undefined}
            >
              <span
                className=""
                style={undefined}
              >
                t3
              </span>
            </span>
          </h6>
        </div>
        <p
          className="RemoteLabbooks__paragraph RemoteLabbooks__paragraph--owner"
        >
          Created by bill2
        </p>
        <p
          className="RemoteLabbooks__paragraph RemoteLabbooks__paragraph--description"
        >
          <span
            className={undefined}
          />
        </p>
      </div>
      <div
        className="Tooltip RemoteLabbooks__undefined"
        data-tooltip="undefined"
      />
    </div>
    <div
      className="Card column-4-span-3 flex flex--column justify--space-between"
    >
      <div
        className="RemoteLabbooks__row RemoteLabbooks__row--icon"
      >
        <button
          className="RemoteLabbooks__icon RemoteLabbooks__icon--cloud"
          disabled={true}
        />
        <button
          className="RemoteLabbooks__icon RemoteLabbooks__icon--delete"
          disabled={false}
          onClick={[Function]}
        />
      </div>
      <div
        className="RemoteLabbooks__row RemoteLabbooks__row--text"
      >
        <div
          className="RemoteLabbooks__row RemoteLabbooks__row--title"
        >
          <h6
            className="RemoteLabbooks__panel-title"
          >
            <span
              className={undefined}
            >
              <span
                className=""
                style={undefined}
              >
                spade
              </span>
            </span>
          </h6>
        </div>
        <p
          className="RemoteLabbooks__paragraph RemoteLabbooks__paragraph--owner"
        >
          Created by cbutler
        </p>
        <p
          className="RemoteLabbooks__paragraph RemoteLabbooks__paragraph--description"
        >
          <span
            className={undefined}
          />
        </p>
      </div>
      <div
        className="Tooltip RemoteLabbooks__undefined"
        data-tooltip="undefined"
      />
    </div>
    <div
      className="Card column-4-span-3 flex flex--column justify--space-between"
    >
      <div
        className="RemoteLabbooks__row RemoteLabbooks__row--icon"
      >
        <button
          className="RemoteLabbooks__icon RemoteLabbooks__icon--cloud"
          disabled={true}
        />
        <button
          className="RemoteLabbooks__icon RemoteLabbooks__icon--delete-disabled"
          disabled={false}
          onClick={[Function]}
        />
      </div>
      <div
        className="RemoteLabbooks__row RemoteLabbooks__row--text"
      >
        <div
          className="RemoteLabbooks__row RemoteLabbooks__row--title"
        >
          <h6
            className="RemoteLabbooks__panel-title"
          >
            <span
              className={undefined}
            >
              <span
                className=""
                style={undefined}
              >
                snappy
              </span>
            </span>
          </h6>
        </div>
        <p
          className="RemoteLabbooks__paragraph RemoteLabbooks__paragraph--owner"
        >
          Created by gigantum-examples
        </p>
        <p
          className="RemoteLabbooks__paragraph RemoteLabbooks__paragraph--description"
        >
          <span
            className={undefined}
          />
        </p>
      </div>
      <div
        className="Tooltip RemoteLabbooks__undefined"
        data-tooltip="undefined"
      />
    </div>
    <div
      className="Card column-4-span-3 flex flex--column justify--space-between"
    >
      <div
        className="RemoteLabbooks__row RemoteLabbooks__row--icon"
      >
        <button
          className="RemoteLabbooks__icon RemoteLabbooks__icon--cloud"
          disabled={true}
        />
        <button
          className="RemoteLabbooks__icon RemoteLabbooks__icon--delete"
          disabled={false}
          onClick={[Function]}
        />
      </div>
      <div
        className="RemoteLabbooks__row RemoteLabbooks__row--text"
      >
        <div
          className="RemoteLabbooks__row RemoteLabbooks__row--title"
        >
          <h6
            className="RemoteLabbooks__panel-title"
          >
            <span
              className={undefined}
            >
              <span
                className=""
                style={undefined}
              >
                set-public-test-calum-true
              </span>
            </span>
          </h6>
        </div>
        <p
          className="RemoteLabbooks__paragraph RemoteLabbooks__paragraph--owner"
        >
          Created by cbutler
        </p>
        <p
          className="RemoteLabbooks__paragraph RemoteLabbooks__paragraph--description"
        >
          <span
            className={undefined}
          />
        </p>
      </div>
      <div
        className="Tooltip RemoteLabbooks__undefined"
        data-tooltip="undefined"
      />
    </div>
    <div
      className="Card column-4-span-3 flex flex--column justify--space-between"
    >
      <div
        className="RemoteLabbooks__row RemoteLabbooks__row--icon"
      >
        <button
          className="RemoteLabbooks__icon RemoteLabbooks__icon--cloud"
          disabled={true}
        />
        <button
          className="RemoteLabbooks__icon RemoteLabbooks__icon--delete"
          disabled={false}
          onClick={[Function]}
        />
      </div>
      <div
        className="RemoteLabbooks__row RemoteLabbooks__row--text"
      >
        <div
          className="RemoteLabbooks__row RemoteLabbooks__row--title"
        >
          <h6
            className="RemoteLabbooks__panel-title"
          >
            <span
              className={undefined}
            >
              <span
                className=""
                style={undefined}
              >
                set-public-test-calum
              </span>
            </span>
          </h6>
        </div>
        <p
          className="RemoteLabbooks__paragraph RemoteLabbooks__paragraph--owner"
        >
          Created by cbutler
        </p>
        <p
          className="RemoteLabbooks__paragraph RemoteLabbooks__paragraph--description"
        >
          <span
            className={undefined}
          />
        </p>
      </div>
      <div
        className="Tooltip RemoteLabbooks__undefined"
        data-tooltip="undefined"
      />
    </div>
    <div
      className="Card column-4-span-3 flex flex--column justify--space-between"
    >
      <div
        className="RemoteLabbooks__row RemoteLabbooks__row--icon"
      >
        <button
          className="RemoteLabbooks__icon RemoteLabbooks__icon--cloud-download"
          disabled={false}
          onClick={[Function]}
        />
        <button
          className="RemoteLabbooks__icon RemoteLabbooks__icon--delete-disabled"
          disabled={false}
          onClick={[Function]}
        />
      </div>
      <div
        className="RemoteLabbooks__row RemoteLabbooks__row--text"
      >
        <div
          className="RemoteLabbooks__row RemoteLabbooks__row--title"
        >
          <h6
            className="RemoteLabbooks__panel-title"
          >
            <span
              className={undefined}
            >
              <span
                className=""
                style={undefined}
              >
                sdfdsfsdfsdf
              </span>
            </span>
          </h6>
        </div>
        <p
          className="RemoteLabbooks__paragraph RemoteLabbooks__paragraph--owner"
        >
          Created by joel
        </p>
        <p
          className="RemoteLabbooks__paragraph RemoteLabbooks__paragraph--description"
        >
          <span
            className={undefined}
          />
        </p>
      </div>
      <div
        className="Tooltip RemoteLabbooks__undefined"
        data-tooltip="undefined"
      />
    </div>
    <div
      className="Card column-4-span-3 flex flex--column justify--space-between"
    >
      <div
        className="RemoteLabbooks__row RemoteLabbooks__row--icon"
      >
        <button
          className="RemoteLabbooks__icon RemoteLabbooks__icon--cloud-download"
          disabled={false}
          onClick={[Function]}
        />
        <button
          className="RemoteLabbooks__icon RemoteLabbooks__icon--delete-disabled"
          disabled={false}
          onClick={[Function]}
        />
      </div>
      <div
        className="RemoteLabbooks__row RemoteLabbooks__row--text"
      >
        <div
          className="RemoteLabbooks__row RemoteLabbooks__row--title"
        >
          <h6
            className="RemoteLabbooks__panel-title"
          >
            <span
              className={undefined}
            >
              <span
                className=""
                style={undefined}
              >
                rootpy3
              </span>
            </span>
          </h6>
        </div>
        <p
          className="RemoteLabbooks__paragraph RemoteLabbooks__paragraph--owner"
        >
          Created by gigantum-examples
        </p>
        <p
          className="RemoteLabbooks__paragraph RemoteLabbooks__paragraph--description"
        >
          <span
            className={undefined}
          />
        </p>
      </div>
      <div
        className="Tooltip RemoteLabbooks__undefined"
        data-tooltip="undefined"
      />
    </div>
    <div
      className="Card column-4-span-3 flex flex--column justify--space-between"
    >
      <div
        className="RemoteLabbooks__row RemoteLabbooks__row--icon"
      >
        <button
          className="RemoteLabbooks__icon RemoteLabbooks__icon--cloud"
          disabled={true}
        />
        <button
          className="RemoteLabbooks__icon RemoteLabbooks__icon--delete-disabled"
          disabled={false}
          onClick={[Function]}
        />
      </div>
      <div
        className="RemoteLabbooks__row RemoteLabbooks__row--text"
      >
        <div
          className="RemoteLabbooks__row RemoteLabbooks__row--title"
        >
          <h6
            className="RemoteLabbooks__panel-title"
          >
            <span
              className={undefined}
            >
              <span
                className=""
                style={undefined}
              >
                rootpy3
              </span>
            </span>
          </h6>
        </div>
        <p
          className="RemoteLabbooks__paragraph RemoteLabbooks__paragraph--owner"
        >
          Created by randalg
        </p>
        <p
          className="RemoteLabbooks__paragraph RemoteLabbooks__paragraph--description"
        >
          <span
            className={undefined}
          />
        </p>
      </div>
      <div
        className="Tooltip RemoteLabbooks__undefined"
        data-tooltip="undefined"
      />
    </div>
    <div
      className="Card column-4-span-3 flex flex--column justify--space-between"
    >
      <div
        className="RemoteLabbooks__row RemoteLabbooks__row--icon"
      >
        <button
          className="RemoteLabbooks__icon RemoteLabbooks__icon--cloud"
          disabled={true}
        />
        <button
          className="RemoteLabbooks__icon RemoteLabbooks__icon--delete"
          disabled={false}
          onClick={[Function]}
        />
      </div>
      <div
        className="RemoteLabbooks__row RemoteLabbooks__row--text"
      >
        <div
          className="RemoteLabbooks__row RemoteLabbooks__row--title"
        >
          <h6
            className="RemoteLabbooks__panel-title"
          >
            <span
              className={undefined}
            >
              <span
                className=""
                style={undefined}
              >
                random-picture-generator
              </span>
            </span>
          </h6>
        </div>
        <p
          className="RemoteLabbooks__paragraph RemoteLabbooks__paragraph--owner"
        >
          Created by cbutler
        </p>
        <p
          className="RemoteLabbooks__paragraph RemoteLabbooks__paragraph--description"
        >
          <span
            className={undefined}
          />
        </p>
      </div>
      <div
        className="Tooltip RemoteLabbooks__undefined"
        data-tooltip="undefined"
      />
    </div>
    <div
      className="Card column-4-span-3 flex flex--column justify--space-between"
    >
      <div
        className="RemoteLabbooks__row RemoteLabbooks__row--icon"
      >
        <button
          className="RemoteLabbooks__icon RemoteLabbooks__icon--cloud-download"
          disabled={false}
          onClick={[Function]}
        />
        <button
          className="RemoteLabbooks__icon RemoteLabbooks__icon--delete-disabled"
          disabled={false}
          onClick={[Function]}
        />
      </div>
      <div
        className="RemoteLabbooks__row RemoteLabbooks__row--text"
      >
        <div
          className="RemoteLabbooks__row RemoteLabbooks__row--title"
        >
          <h6
            className="RemoteLabbooks__panel-title"
          >
            <span
              className={undefined}
            >
              <span
                className=""
                style={undefined}
              >
                python-data-science-handbook
              </span>
            </span>
          </h6>
        </div>
        <p
          className="RemoteLabbooks__paragraph RemoteLabbooks__paragraph--owner"
        >
          Created by dmk
        </p>
        <p
          className="RemoteLabbooks__paragraph RemoteLabbooks__paragraph--description"
        >
          <span
            className={undefined}
          />
        </p>
      </div>
      <div
        className="Tooltip RemoteLabbooks__undefined"
        data-tooltip="undefined"
      />
    </div>
    <div
      className="Card column-4-span-3 flex flex--column justify--space-between"
    >
      <div
        className="RemoteLabbooks__row RemoteLabbooks__row--icon"
      >
        <button
          className="RemoteLabbooks__icon RemoteLabbooks__icon--cloud"
          disabled={true}
        />
        <button
          className="RemoteLabbooks__icon RemoteLabbooks__icon--delete"
          disabled={false}
          onClick={[Function]}
        />
      </div>
      <div
        className="RemoteLabbooks__row RemoteLabbooks__row--text"
      >
        <div
          className="RemoteLabbooks__row RemoteLabbooks__row--title"
        >
          <h6
            className="RemoteLabbooks__panel-title"
          >
            <span
              className={undefined}
            >
              <span
                className=""
                style={undefined}
              >
                pulish-temp4
              </span>
            </span>
          </h6>
        </div>
        <p
          className="RemoteLabbooks__paragraph RemoteLabbooks__paragraph--owner"
        >
          Created by cbutler
        </p>
        <p
          className="RemoteLabbooks__paragraph RemoteLabbooks__paragraph--description"
        >
          <span
            className={undefined}
          />
        </p>
      </div>
      <div
        className="Tooltip RemoteLabbooks__undefined"
        data-tooltip="undefined"
      />
    </div>
    <div
      className="LabbookPaginationLoader--hidden"
    >
      <div />
    </div>
    <div
      className="LabbookPaginationLoader--hidden"
    >
      <div />
    </div>
    <div
      className="LabbookPaginationLoader--hidden"
    >
      <div />
    </div>
    <div
      className="LabbookPaginationLoader--hidden"
    >
      <div />
    </div>
    <div
      className="LabbookPaginationLoader--hidden"
    >
      <div />
    </div>
  </div>
</div>
`;
