// Jest Snapshot v1, https://goo.gl/fbAQLP

exports[`Test FilePreview renders snapshot 1`] = `
<div
  className="Loader"
/>
`;
