// Jest Snapshot v1, https://goo.gl/fbAQLP

exports[`Link changes the class when hovered 1`] = `
<div>
  <div>
    <h4>
      You are not logged in! Please
       
      <a
        onClick={[Function]}
        style={
          Object {
            "cursor": "pointer",
          }
        }
      >
        Log In
      </a>
       
      to continue.
    </h4>
  </div>
</div>
`;
