// Jest Snapshot v1, https://goo.gl/fbAQLP

exports[`Test CodeFavorites 1`] = `
<div>
  No Files Found
</div>
`;
