// Jest Snapshot v1, https://goo.gl/fbAQLP

exports[`Test AddCustomDependencies rendering 1`] = `
<div
  className="AddCustomDependencies"
>
  <p>
     Select Custom Dependencies 
  </p>
</div>
`;
