// Jest Snapshot v1, https://goo.gl/fbAQLP

exports[`Test SelectDevelopmentEnvironment rendering 1`] = `
<div
  className="SelectDevelopmentEnvironment"
>
  <p>
     Dev Environment
  </p>
</div>
`;
