// Jest Snapshot v1, https://goo.gl/fbAQLP

exports[`SelectBase SelectBase snapshot 1`] = `
<div
  className="SelectBase"
>
  <div
    className="Loader"
  />
</div>
`;
