// Jest Snapshot v1, https://goo.gl/fbAQLP

exports[`Test WizardModal rendering 1`] = `<div />`;
