// Jest Snapshot v1, https://goo.gl/fbAQLP

exports[`Test fetchContainerStatus 1`] = `<fetchContainerStatus />`;
